12:43:09 **** Build of project display_game2_bsp ****
make -k all 
make: *** No rule to make target `all'.
12:43:57 **** Auto Build of project display_game2_bsp ****
make -k all 
"Running Make include in microblaze_0/libsrc/bram_v4_2/src"
make -C microblaze_0/libsrc/bram_v4_2/src -s include  "SHELL=CMD" "COMPILER=mb-gcc" "ARCHIVER=mb-ar" "COMPILER_FLAGS=  -O2 -c -mcpu=v10.0 -mlittle-endian -mxl-soft-mul" "EXTRA_COMPILER_FLAGS=-ffunction-sections -fdata-sections -Wall -Wextra"
"Running Make include in microblaze_0/libsrc/cpu_v2_7/src"
make -C microblaze_0/libsrc/cpu_v2_7/src -s include  "SHELL=CMD" "COMPILER=mb-gcc" "ARCHIVER=mb-ar" "COMPILER_FLAGS=  -O2 -c -mcpu=v10.0 -mlittle-endian -mxl-soft-mul" "EXTRA_COMPILER_FLAGS=-ffunction-sections -fdata-sections -Wall -Wextra"
"Running Make include in microblaze_0/libsrc/gpio_v4_3/src"
make -C microblaze_0/libsrc/gpio_v4_3/src -s include  "SHELL=CMD" "COMPILER=mb-gcc" "ARCHIVER=mb-ar" "COMPILER_FLAGS=  -O2 -c -mcpu=v10.0 -mlittle-endian -mxl-soft-mul" "EXTRA_COMPILER_FLAGS=-ffunction-sections -fdata-sections -Wall -Wextra"
"Running Make include in microblaze_0/libsrc/PmodOLEDrgb_v1_0/src"
make -C microblaze_0/libsrc/PmodOLEDrgb_v1_0/src -s include  "SHELL=CMD" "COMPILER=mb-gcc" "ARCHIVER=mb-ar" "COMPILER_FLAGS=  -O2 -c -mcpu=v10.0 -mlittle-endian -mxl-soft-mul" "EXTRA_COMPILER_FLAGS=-ffunction-sections -fdata-sections -Wall -Wextra"
"Running Make include in microblaze_0/libsrc/standalone_v6_7/src"
make -C microblaze_0/libsrc/standalone_v6_7/src -s include  "SHELL=CMD" "COMPILER=mb-gcc" "ARCHIVER=mb-ar" "COMPILER_FLAGS=  -O2 -c -mcpu=v10.0 -mlittle-endian -mxl-soft-mul" "EXTRA_COMPILER_FLAGS=-ffunction-sections -fdata-sections -Wall -Wextra"
"Running Make include in microblaze_0/libsrc/uartlite_v3_2/src"
make -C microblaze_0/libsrc/uartlite_v3_2/src -s include  "SHELL=CMD" "COMPILER=mb-gcc" "ARCHIVER=mb-ar" "COMPILER_FLAGS=  -O2 -c -mcpu=v10.0 -mlittle-endian -mxl-soft-mul" "EXTRA_COMPILER_FLAGS=-ffunction-sections -fdata-sections -Wall -Wextra"
"Running Make libs in microblaze_0/libsrc/bram_v4_2/src"
make -C microblaze_0/libsrc/bram_v4_2/src -s libs  "SHELL=CMD" "COMPILER=mb-gcc" "ARCHIVER=mb-ar" "COMPILER_FLAGS=  -O2 -c -mcpu=v10.0 -mlittle-endian -mxl-soft-mul" "EXTRA_COMPILER_FLAGS=-ffunction-sections -fdata-sections -Wall -Wextra"
"Compiling bram"
mb-ar: creating ../../../lib/libxil.a
"Running Make libs in microblaze_0/libsrc/cpu_v2_7/src"
make -C microblaze_0/libsrc/cpu_v2_7/src -s libs  "SHELL=CMD" "COMPILER=mb-gcc" "ARCHIVER=mb-ar" "COMPILER_FLAGS=  -O2 -c -mcpu=v10.0 -mlittle-endian -mxl-soft-mul" "EXTRA_COMPILER_FLAGS=-ffunction-sections -fdata-sections -Wall -Wextra"
"Compiling cpu"
"Running Make libs in microblaze_0/libsrc/gpio_v4_3/src"
make -C microblaze_0/libsrc/gpio_v4_3/src -s libs  "SHELL=CMD" "COMPILER=mb-gcc" "ARCHIVER=mb-ar" "COMPILER_FLAGS=  -O2 -c -mcpu=v10.0 -mlittle-endian -mxl-soft-mul" "EXTRA_COMPILER_FLAGS=-ffunction-sections -fdata-sections -Wall -Wextra"
"Compiling gpio"
"Running Make libs in microblaze_0/libsrc/PmodOLEDrgb_v1_0/src"
make -C microblaze_0/libsrc/PmodOLEDrgb_v1_0/src -s libs  "SHELL=CMD" "COMPILER=mb-gcc" "ARCHIVER=mb-ar" "COMPILER_FLAGS=  -O2 -c -mcpu=v10.0 -mlittle-endian -mxl-soft-mul" "EXTRA_COMPILER_FLAGS=-ffunction-sections -fdata-sections -Wall -Wextra"
"Compiling PmodOLEDrgb..."
PmodOLEDrgb_selftest.c: In function 'PMODOLEDRGB_Reg_SelfTest':
PmodOLEDrgb_selftest.c:52:60: warning: comparison between signed and unsigned integer expressions [-Wsign-compare]
    if ( PMODOLEDRGB_mReadReg (baseaddr, read_loop_index*4) != (read_loop_index+1)*READ_WRITE_MUL_FACTOR){
                                                            ^~
PmodOLEDrgb_selftest.c:36:6: warning: unused variable 'Index' [-Wunused-variable]
  int Index;
      ^~~~~
"Running Make libs in microblaze_0/libsrc/standalone_v6_7/src"
make -C microblaze_0/libsrc/standalone_v6_7/src -s libs  "SHELL=CMD" "COMPILER=mb-gcc" "ARCHIVER=mb-ar" "COMPILER_FLAGS=  -O2 -c -mcpu=v10.0 -mlittle-endian -mxl-soft-mul" "EXTRA_COMPILER_FLAGS=-ffunction-sections -fdata-sections -Wall -Wextra"
"Compiling standalone";
microblaze_sleep.c:74:9: note: #pragma message: For the sleep routines, assembly instructions are used
 #pragma message ("For the sleep routines, assembly instructions are used")
         ^~~~~~~
"Running Make libs in microblaze_0/libsrc/uartlite_v3_2/src"
make -C microblaze_0/libsrc/uartlite_v3_2/src -s libs  "SHELL=CMD" "COMPILER=mb-gcc" "ARCHIVER=mb-ar" "COMPILER_FLAGS=  -O2 -c -mcpu=v10.0 -mlittle-endian -mxl-soft-mul" "EXTRA_COMPILER_FLAGS=-ffunction-sections -fdata-sections -Wall -Wextra"
"Compiling uartlite"
'Finished building libraries'
12:44:06 **** Build of configuration Debug for project display_game2 ****
make all 
'Building file: ../src/helloworld.c'
'Invoking: MicroBlaze gcc compiler'
mb-gcc -Wall -O0 -g3 -c -fmessage-length=0 -MT"src/helloworld.o" -I../../display_game2_bsp/microblaze_0/include -mlittle-endian -mcpu=v10.0 -mxl-soft-mul -Wl,--no-relax -ffunction-sections -fdata-sections -MMD -MP -MF"src/helloworld.d" -MT"src/helloworld.o" -o "src/helloworld.o" "../src/helloworld.c"
'Finished building: ../src/helloworld.c'
' '
'Building file: ../src/platform.c'
'Invoking: MicroBlaze gcc compiler'
mb-gcc -Wall -O0 -g3 -c -fmessage-length=0 -MT"src/platform.o" -I../../display_game2_bsp/microblaze_0/include -mlittle-endian -mcpu=v10.0 -mxl-soft-mul -Wl,--no-relax -ffunction-sections -fdata-sections -MMD -MP -MF"src/platform.d" -MT"src/platform.o" -o "src/platform.o" "../src/platform.c"
'Finished building: ../src/platform.c'
' '
'Building target: display_game2.elf'
'Invoking: MicroBlaze gcc linker'
mb-gcc -Wl,-T -Wl,../src/lscript.ld -L../../display_game2_bsp/microblaze_0/lib -mlittle-endian -mcpu=v10.0 -mxl-soft-mul -Wl,--no-relax -Wl,--gc-sections -o "display_game2.elf"  ./src/helloworld.o ./src/platform.o   -Wl,--start-group,-lxil,-lgcc,-lc,--end-group
'Finished building target: display_game2.elf'
' '
'Invoking: MicroBlaze Print Size'
mb-size display_game2.elf  |tee "display_game2.elf.size"
   text	   data	    bss	    dec	    hex	filename
   2712	    268	   3108	   6088	   17c8	display_game2.elf
'Finished building: display_game2.elf.size'
' '
12:45:41 **** Auto Build of configuration Debug for project display_game2 ****
make all 
make: Nothing to be done for `all'.
12:47:40 **** Incremental Build of configuration Debug for project display_game2 ****
make all 
'Building file: ../src/helloworld.c'
'Invoking: MicroBlaze gcc compiler'
mb-gcc -Wall -O0 -g3 -c -fmessage-length=0 -MT"src/helloworld.o" -I../../display_game2_bsp/microblaze_0/include -mlittle-endian -mcpu=v10.0 -mxl-soft-mul -Wl,--no-relax -ffunction-sections -fdata-sections -MMD -MP -MF"src/helloworld.d" -MT"src/helloworld.o" -o "src/helloworld.o" "../src/helloworld.c"
'Finished building: ../src/helloworld.c'
' '
'Building file: ../src/main.c'
'Invoking: MicroBlaze gcc compiler'
mb-gcc -Wall -O0 -g3 -c -fmessage-length=0 -MT"src/main.o" -I../../display_game2_bsp/microblaze_0/include -mlittle-endian -mcpu=v10.0 -mxl-soft-mul -Wl,--no-relax -ffunction-sections -fdata-sections -MMD -MP -MF"src/main.d" -MT"src/main.o" -o "src/main.o" "../src/main.c"
'Finished building: ../src/main.c'
' '
'Building target: display_game2.elf'
'Invoking: MicroBlaze gcc linker'
mb-gcc -Wl,-T -Wl,../src/lscript.ld -L../../display_game2_bsp/microblaze_0/lib -mlittle-endian -mcpu=v10.0 -mxl-soft-mul -Wl,--no-relax -Wl,--gc-sections -o "display_game2.elf"  ./src/helloworld.o ./src/main.o ./src/platform.o   -Wl,--start-group,-lxil,-lgcc,-lc,--end-group
'Finished building target: display_game2.elf'
' '
'Invoking: MicroBlaze Print Size'
mb-size display_game2.elf  |tee "display_game2.elf.size"
   text	   data	    bss	    dec	    hex	filename
  21392	    340	   3508	  25240	   6298	display_game2.elf
'Finished building: display_game2.elf.size'
' '
12:55:12 **** Incremental Build of configuration Debug for project display_game2 ****
make all 
'Building file: ../src/main.c'
'Invoking: MicroBlaze gcc compiler'
mb-gcc -Wall -O0 -g3 -c -fmessage-length=0 -MT"src/main.o" -I../../display_game2_bsp/microblaze_0/include -mlittle-endian -mcpu=v10.0 -mxl-soft-mul -Wl,--no-relax -ffunction-sections -fdata-sections -MMD -MP -MF"src/main.d" -MT"src/main.o" -o "src/main.o" "../src/main.c"
'Finished building: ../src/main.c'
' '
'Building target: display_game2.elf'
'Invoking: MicroBlaze gcc linker'
mb-gcc -Wl,-T -Wl,../src/lscript.ld -L../../display_game2_bsp/microblaze_0/lib -mlittle-endian -mcpu=v10.0 -mxl-soft-mul -Wl,--no-relax -Wl,--gc-sections -o "display_game2.elf"  ./src/helloworld.o ./src/main.o ./src/platform.o   -Wl,--start-group,-lxil,-lgcc,-lc,--end-group
'Finished building target: display_game2.elf'
' '
'Invoking: MicroBlaze Print Size'
mb-size display_game2.elf  |tee "display_game2.elf.size"
   text	   data	    bss	    dec	    hex	filename
   8968	    340	   3508	  12816	   3210	display_game2.elf
'Finished building: display_game2.elf.size'
' '
12:56:56 **** Auto Build of configuration Debug for project display_game2 ****
make all 
'Building file: ../src/main.c'
'Invoking: MicroBlaze gcc compiler'
mb-gcc -Wall -O0 -g3 -c -fmessage-length=0 -MT"src/main.o" -I../../display_game2_bsp/microblaze_0/include -mlittle-endian -mcpu=v10.0 -mxl-soft-mul -Wl,--no-relax -ffunction-sections -fdata-sections -MMD -MP -MF"src/main.d" -MT"src/main.o" -o "src/main.o" "../src/main.c"
'Finished building: ../src/main.c'
' '
'Building target: display_game2.elf'
'Invoking: MicroBlaze gcc linker'
mb-gcc -Wl,-T -Wl,../src/lscript.ld -L../../display_game2_bsp/microblaze_0/lib -mlittle-endian -mcpu=v10.0 -mxl-soft-mul -Wl,--no-relax -Wl,--gc-sections -o "display_game2.elf"  ./src/helloworld.o ./src/main.o ./src/platform.o   -Wl,--start-group,-lxil,-lgcc,-lc,--end-group
'Finished building target: display_game2.elf'
' '
'Invoking: MicroBlaze Print Size'
mb-size display_game2.elf  |tee "display_game2.elf.size"
   text	   data	    bss	    dec	    hex	filename
   8968	    340	   3508	  12816	   3210	display_game2.elf
'Finished building: display_game2.elf.size'
' '
12:57:00 **** Incremental Build of configuration Debug for project display_game2 ****
make all 
make: Nothing to be done for `all'.
12:57:10 **** Auto Build of configuration Debug for project display_game2 ****
make all 
'Building file: ../src/main.c'
'Invoking: MicroBlaze gcc compiler'
mb-gcc -Wall -O0 -g3 -c -fmessage-length=0 -MT"src/main.o" -I../../display_game2_bsp/microblaze_0/include -mlittle-endian -mcpu=v10.0 -mxl-soft-mul -Wl,--no-relax -ffunction-sections -fdata-sections -MMD -MP -MF"src/main.d" -MT"src/main.o" -o "src/main.o" "../src/main.c"
'Finished building: ../src/main.c'
' '
'Building target: display_game2.elf'
'Invoking: MicroBlaze gcc linker'
mb-gcc -Wl,-T -Wl,../src/lscript.ld -L../../display_game2_bsp/microblaze_0/lib -mlittle-endian -mcpu=v10.0 -mxl-soft-mul -Wl,--no-relax -Wl,--gc-sections -o "display_game2.elf"  ./src/helloworld.o ./src/main.o ./src/platform.o   -Wl,--start-group,-lxil,-lgcc,-lc,--end-group
'Finished building target: display_game2.elf'
' '
'Invoking: MicroBlaze Print Size'
mb-size display_game2.elf  |tee "display_game2.elf.size"
   text	   data	    bss	    dec	    hex	filename
   8968	    340	   3508	  12816	   3210	display_game2.elf
'Finished building: display_game2.elf.size'
' '
12:57:11 **** Incremental Build of configuration Debug for project display_game2 ****
make all 
make: Nothing to be done for `all'.
12:57:21 **** Auto Build of configuration Debug for project display_game2 ****
make all 
'Building file: ../src/main.c'
'Invoking: MicroBlaze gcc compiler'
mb-gcc -Wall -O0 -g3 -c -fmessage-length=0 -MT"src/main.o" -I../../display_game2_bsp/microblaze_0/include -mlittle-endian -mcpu=v10.0 -mxl-soft-mul -Wl,--no-relax -ffunction-sections -fdata-sections -MMD -MP -MF"src/main.d" -MT"src/main.o" -o "src/main.o" "../src/main.c"
'Finished building: ../src/main.c'
' '
'Building target: display_game2.elf'
'Invoking: MicroBlaze gcc linker'
mb-gcc -Wl,-T -Wl,../src/lscript.ld -L../../display_game2_bsp/microblaze_0/lib -mlittle-endian -mcpu=v10.0 -mxl-soft-mul -Wl,--no-relax -Wl,--gc-sections -o "display_game2.elf"  ./src/helloworld.o ./src/main.o ./src/platform.o   -Wl,--start-group,-lxil,-lgcc,-lc,--end-group
'Finished building target: display_game2.elf'
' '
'Invoking: MicroBlaze Print Size'
mb-size display_game2.elf  |tee "display_game2.elf.size"
   text	   data	    bss	    dec	    hex	filename
   8968	    340	   3508	  12816	   3210	display_game2.elf
'Finished building: display_game2.elf.size'
' '
13:04:26 **** Auto Build of configuration Debug for project display_game2 ****
make all 
'Building file: ../src/main.c'
'Invoking: MicroBlaze gcc compiler'
mb-gcc -Wall -O0 -g3 -c -fmessage-length=0 -MT"src/main.o" -I../../display_game2_bsp/microblaze_0/include -mlittle-endian -mcpu=v10.0 -mxl-soft-mul -Wl,--no-relax -ffunction-sections -fdata-sections -MMD -MP -MF"src/main.d" -MT"src/main.o" -o "src/main.o" "../src/main.c"
'Finished building: ../src/main.c'
' '
'Building target: display_game2.elf'
'Invoking: MicroBlaze gcc linker'
mb-gcc -Wl,-T -Wl,../src/lscript.ld -L../../display_game2_bsp/microblaze_0/lib -mlittle-endian -mcpu=v10.0 -mxl-soft-mul -Wl,--no-relax -Wl,--gc-sections -o "display_game2.elf"  ./src/helloworld.o ./src/main.o ./src/platform.o   -Wl,--start-group,-lxil,-lgcc,-lc,--end-group
'Finished building target: display_game2.elf'
' '
'Invoking: MicroBlaze Print Size'
mb-size display_game2.elf  |tee "display_game2.elf.size"
   text	   data	    bss	    dec	    hex	filename
  13612	    360	   3508	  17480	   4448	display_game2.elf
'Finished building: display_game2.elf.size'
' '
13:04:27 **** Incremental Build of configuration Debug for project display_game2 ****
make all 
make: Nothing to be done for `all'.
13:05:00 **** Incremental Build of configuration Debug for project display_game2 ****
make all 
make: Nothing to be done for `all'.
13:05:56 **** Incremental Build of configuration Debug for project display_game2 ****
make all 
'Building file: ../src/main.c'
'Invoking: MicroBlaze gcc compiler'
mb-gcc -Wall -O0 -g3 -c -fmessage-length=0 -MT"src/main.o" -I../../display_game2_bsp/microblaze_0/include -mlittle-endian -mcpu=v10.0 -mxl-soft-mul -Wl,--no-relax -ffunction-sections -fdata-sections -MMD -MP -MF"src/main.d" -MT"src/main.o" -o "src/main.o" "../src/main.c"
../src/main.c: In function 'DemoRun':
../src/main.c:95:11: warning: unused variable 'led' [-Wunused-variable]
  u32 btn, led;
           ^~~
'Finished building: ../src/main.c'
' '
'Building target: display_game2.elf'
'Invoking: MicroBlaze gcc linker'
mb-gcc -Wl,-T -Wl,../src/lscript.ld -L../../display_game2_bsp/microblaze_0/lib -mlittle-endian -mcpu=v10.0 -mxl-soft-mul -Wl,--no-relax -Wl,--gc-sections -o "display_game2.elf"  ./src/helloworld.o ./src/main.o ./src/platform.o   -Wl,--start-group,-lxil,-lgcc,-lc,--end-group
'Finished building target: display_game2.elf'
' '
'Invoking: MicroBlaze Print Size'
mb-size display_game2.elf  |tee "display_game2.elf.size"
   text	   data	    bss	    dec	    hex	filename
  13324	    360	   3508	  17192	   4328	display_game2.elf
'Finished building: display_game2.elf.size'
' '
13:27:56 **** Auto Build of configuration Debug for project display_game2 ****
make all 
'Building file: ../src/main.c'
'Invoking: MicroBlaze gcc compiler'
mb-gcc -Wall -O0 -g3 -c -fmessage-length=0 -MT"src/main.o" -I../../display_game2_bsp/microblaze_0/include -mlittle-endian -mcpu=v10.0 -mxl-soft-mul -Wl,--no-relax -ffunction-sections -fdata-sections -MMD -MP -MF"src/main.d" -MT"src/main.o" -o "src/main.o" "../src/main.c"
../src/main.c: In function 'DemoRun':
../src/main.c:99:30: error: 'XPAR_AXI_GPIO_1_DEVICE_ID' undeclared (first use in this function); did you mean 'XPAR_AXI_GPIO_0_DEVICE_ID'?
    XGpio_Initialize(&output, XPAR_AXI_GPIO_1_DEVICE_ID); //initialize output XGpio variable
                              ^~~~~~~~~~~~~~~~~~~~~~~~~
                              XPAR_AXI_GPIO_0_DEVICE_ID
../src/main.c:99:30: note: each undeclared identifier is reported only once for each function it appears in
../src/main.c:96:8: warning: variable 'switch_data' set but not used [-Wunused-but-set-variable]
    int switch_data = 0;
        ^~~~~~~~~~~
make: *** [src/main.o] Error 1
13:28:36 **** Auto Build of configuration Debug for project display_game2 ****
make all 
'Building file: ../src/main.c'
'Invoking: MicroBlaze gcc compiler'
mb-gcc -Wall -O0 -g3 -c -fmessage-length=0 -MT"src/main.o" -I../../display_game2_bsp/microblaze_0/include -mlittle-endian -mcpu=v10.0 -mxl-soft-mul -Wl,--no-relax -ffunction-sections -fdata-sections -MMD -MP -MF"src/main.d" -MT"src/main.o" -o "src/main.o" "../src/main.c"
../src/main.c: In function 'DemoRun':
../src/main.c:96:8: warning: variable 'switch_data' set but not used [-Wunused-but-set-variable]
    int switch_data = 0;
        ^~~~~~~~~~~
../src/main.c:94:17: warning: unused variable 'output' [-Wunused-variable]
    XGpio input, output;
                 ^~~~~~
'Finished building: ../src/main.c'
' '
'Building target: display_game2.elf'
'Invoking: MicroBlaze gcc linker'
mb-gcc -Wl,-T -Wl,../src/lscript.ld -L../../display_game2_bsp/microblaze_0/lib -mlittle-endian -mcpu=v10.0 -mxl-soft-mul -Wl,--no-relax -Wl,--gc-sections -o "display_game2.elf"  ./src/helloworld.o ./src/main.o ./src/platform.o   -Wl,--start-group,-lxil,-lgcc,-lc,--end-group
'Finished building target: display_game2.elf'
' '
'Invoking: MicroBlaze Print Size'
mb-size display_game2.elf  |tee "display_game2.elf.size"
   text	   data	    bss	    dec	    hex	filename
  13856	    360	   3504	  17720	   4538	display_game2.elf
'Finished building: display_game2.elf.size'
' '
13:29:32 **** Incremental Build of configuration Debug for project display_game2 ****
make all 
make: Nothing to be done for `all'.
13:29:39 **** Incremental Build of configuration Debug for project display_game2 ****
make all 
make: Nothing to be done for `all'.
13:30:54 **** Auto Build of configuration Debug for project display_game2 ****
make all 
'Building file: ../src/main.c'
'Invoking: MicroBlaze gcc compiler'
mb-gcc -Wall -O0 -g3 -c -fmessage-length=0 -MT"src/main.o" -I../../display_game2_bsp/microblaze_0/include -mlittle-endian -mcpu=v10.0 -mxl-soft-mul -Wl,--no-relax -ffunction-sections -fdata-sections -MMD -MP -MF"src/main.d" -MT"src/main.o" -o "src/main.o" "../src/main.c"
../src/main.c: In function 'DemoRun':
../src/main.c:114:7: warning: implicit declaration of function 'xil_prinf'; did you mean 'xil_printf'? [-Wimplicit-function-declaration]
       xil_prinf(switch_data);
       ^~~~~~~~~
       xil_printf
../src/main.c:94:17: warning: unused variable 'output' [-Wunused-variable]
    XGpio input, output;
                 ^~~~~~
'Finished building: ../src/main.c'
' '
'Building target: display_game2.elf'
'Invoking: MicroBlaze gcc linker'
mb-gcc -Wl,-T -Wl,../src/lscript.ld -L../../display_game2_bsp/microblaze_0/lib -mlittle-endian -mcpu=v10.0 -mxl-soft-mul -Wl,--no-relax -Wl,--gc-sections -o "display_game2.elf"  ./src/helloworld.o ./src/main.o ./src/platform.o   -Wl,--start-group,-lxil,-lgcc,-lc,--end-group
./src/main.o: In function `DemoRun':
C:\Users\Student\Desktop\cs152b-Vincent-Matt\final_project\final_project.sdk\display_game2\Debug/../src/main.c:114: undefined reference to `xil_prinf'
collect2.exe: error: ld returned 1 exit status
make: *** [display_game2.elf] Error 1
13:30:56 **** Incremental Build of configuration Debug for project display_game2 ****
make all 
'Building target: display_game2.elf'
'Invoking: MicroBlaze gcc linker'
mb-gcc -Wl,-T -Wl,../src/lscript.ld -L../../display_game2_bsp/microblaze_0/lib -mlittle-endian -mcpu=v10.0 -mxl-soft-mul -Wl,--no-relax -Wl,--gc-sections -o "display_game2.elf"  ./src/helloworld.o ./src/main.o ./src/platform.o   -Wl,--start-group,-lxil,-lgcc,-lc,--end-group
./src/main.o: In function `DemoRun':
C:\Users\Student\Desktop\cs152b-Vincent-Matt\final_project\final_project.sdk\display_game2\Debug/../src/main.c:114: undefined reference to `xil_prinf'
collect2.exe: error: ld returned 1 exit status
make: *** [display_game2.elf] Error 1
13:31:20 **** Auto Build of configuration Debug for project display_game2 ****
make all 
'Building file: ../src/main.c'
'Invoking: MicroBlaze gcc compiler'
mb-gcc -Wall -O0 -g3 -c -fmessage-length=0 -MT"src/main.o" -I../../display_game2_bsp/microblaze_0/include -mlittle-endian -mcpu=v10.0 -mxl-soft-mul -Wl,--no-relax -ffunction-sections -fdata-sections -MMD -MP -MF"src/main.d" -MT"src/main.o" -o "src/main.o" "../src/main.c"
../src/main.c: In function 'DemoRun':
../src/main.c:114:18: warning: passing argument 1 of 'xil_printf' makes pointer from integer without a cast [-Wint-conversion]
       xil_printf(switch_data);
                  ^~~~~~~~~~~
In file included from c:\xilinx\sdk\2018.2\gnu\microblaze\nt\microblaze-xilinx-elf\include\ctype.h:4:0,
                 from ../../display_game2_bsp/microblaze_0/include/xil_printf.h:8,
                 from ../../display_game2_bsp/microblaze_0/include/xil_io.h:65,
                 from ../../display_game2_bsp/microblaze_0/include/xspi_l.h:76,
                 from ../../display_game2_bsp/microblaze_0/include/xspi.h:305,
                 from ../../display_game2_bsp/microblaze_0/include/PmodOLEDrgb.h:32,
                 from ../src/main.c:25:
c:\xilinx\sdk\2018.2\gnu\microblaze\nt\microblaze-xilinx-elf\include\stdio.h:229:9: note: expected 'const char8 * {aka const char *}' but argument is of type 'int'
 void    _EXFUN(xil_printf, (const char*, ...));
         ^
../src/main.c:94:17: warning: unused variable 'output' [-Wunused-variable]
    XGpio input, output;
                 ^~~~~~
'Finished building: ../src/main.c'
' '
'Building target: display_game2.elf'
'Invoking: MicroBlaze gcc linker'
mb-gcc -Wl,-T -Wl,../src/lscript.ld -L../../display_game2_bsp/microblaze_0/lib -mlittle-endian -mcpu=v10.0 -mxl-soft-mul -Wl,--no-relax -Wl,--gc-sections -o "display_game2.elf"  ./src/helloworld.o ./src/main.o ./src/platform.o   -Wl,--start-group,-lxil,-lgcc,-lc,--end-group
'Finished building target: display_game2.elf'
' '
'Invoking: MicroBlaze Print Size'
mb-size display_game2.elf  |tee "display_game2.elf.size"
   text	   data	    bss	    dec	    hex	filename
  13876	    360	   3508	  17744	   4550	display_game2.elf
'Finished building: display_game2.elf.size'
' '
13:31:28 **** Incremental Build of configuration Debug for project display_game2 ****
make all 
make: Nothing to be done for `all'.
13:33:19 **** Auto Build of configuration Debug for project display_game2 ****
make all 
'Building file: ../src/main.c'
'Invoking: MicroBlaze gcc compiler'
mb-gcc -Wall -O0 -g3 -c -fmessage-length=0 -MT"src/main.o" -I../../display_game2_bsp/microblaze_0/include -mlittle-endian -mcpu=v10.0 -mxl-soft-mul -Wl,--no-relax -ffunction-sections -fdata-sections -MMD -MP -MF"src/main.d" -MT"src/main.o" -o "src/main.o" "../src/main.c"
../src/main.c: In function 'DemoRun':
../src/main.c:114:18: warning: passing argument 1 of 'xil_printf' makes pointer from integer without a cast [-Wint-conversion]
       xil_printf(switch_data);
                  ^~~~~~~~~~~
In file included from c:\xilinx\sdk\2018.2\gnu\microblaze\nt\microblaze-xilinx-elf\include\ctype.h:4:0,
                 from ../../display_game2_bsp/microblaze_0/include/xil_printf.h:8,
                 from ../../display_game2_bsp/microblaze_0/include/xil_io.h:65,
                 from ../../display_game2_bsp/microblaze_0/include/xspi_l.h:76,
                 from ../../display_game2_bsp/microblaze_0/include/xspi.h:305,
                 from ../../display_game2_bsp/microblaze_0/include/PmodOLEDrgb.h:32,
                 from ../src/main.c:25:
c:\xilinx\sdk\2018.2\gnu\microblaze\nt\microblaze-xilinx-elf\include\stdio.h:229:9: note: expected 'const char8 * {aka const char *}' but argument is of type 'int'
 void    _EXFUN(xil_printf, (const char*, ...));
         ^
../src/main.c:94:17: warning: unused variable 'output' [-Wunused-variable]
    XGpio input, output;
                 ^~~~~~
'Finished building: ../src/main.c'
' '
'Building target: display_game2.elf'
'Invoking: MicroBlaze gcc linker'
mb-gcc -Wl,-T -Wl,../src/lscript.ld -L../../display_game2_bsp/microblaze_0/lib -mlittle-endian -mcpu=v10.0 -mxl-soft-mul -Wl,--no-relax -Wl,--gc-sections -o "display_game2.elf"  ./src/helloworld.o ./src/main.o ./src/platform.o   -Wl,--start-group,-lxil,-lgcc,-lc,--end-group
'Finished building target: display_game2.elf'
' '
'Invoking: MicroBlaze Print Size'
mb-size display_game2.elf  |tee "display_game2.elf.size"
   text	   data	    bss	    dec	    hex	filename
  13788	    360	   3508	  17656	   44f8	display_game2.elf
'Finished building: display_game2.elf.size'
' '
13:33:21 **** Incremental Build of configuration Debug for project display_game2 ****
make all 
make: Nothing to be done for `all'.
13:33:50 **** Auto Build of configuration Debug for project display_game2 ****
make all 
'Building file: ../src/main.c'
'Invoking: MicroBlaze gcc compiler'
mb-gcc -Wall -O0 -g3 -c -fmessage-length=0 -MT"src/main.o" -I../../display_game2_bsp/microblaze_0/include -mlittle-endian -mcpu=v10.0 -mxl-soft-mul -Wl,--no-relax -ffunction-sections -fdata-sections -MMD -MP -MF"src/main.d" -MT"src/main.o" -o "src/main.o" "../src/main.c"
../src/main.c: In function 'DemoRun':
../src/main.c:114:18: warning: passing argument 1 of 'xil_printf' makes pointer from integer without a cast [-Wint-conversion]
       xil_printf(switch_data);
                  ^~~~~~~~~~~
In file included from c:\xilinx\sdk\2018.2\gnu\microblaze\nt\microblaze-xilinx-elf\include\ctype.h:4:0,
                 from ../../display_game2_bsp/microblaze_0/include/xil_printf.h:8,
                 from ../../display_game2_bsp/microblaze_0/include/xil_io.h:65,
                 from ../../display_game2_bsp/microblaze_0/include/xspi_l.h:76,
                 from ../../display_game2_bsp/microblaze_0/include/xspi.h:305,
                 from ../../display_game2_bsp/microblaze_0/include/PmodOLEDrgb.h:32,
                 from ../src/main.c:25:
c:\xilinx\sdk\2018.2\gnu\microblaze\nt\microblaze-xilinx-elf\include\stdio.h:229:9: note: expected 'const char8 * {aka const char *}' but argument is of type 'int'
 void    _EXFUN(xil_printf, (const char*, ...));
         ^
../src/main.c:94:17: warning: unused variable 'output' [-Wunused-variable]
    XGpio input, output;
                 ^~~~~~
'Finished building: ../src/main.c'
' '
'Building target: display_game2.elf'
'Invoking: MicroBlaze gcc linker'
mb-gcc -Wl,-T -Wl,../src/lscript.ld -L../../display_game2_bsp/microblaze_0/lib -mlittle-endian -mcpu=v10.0 -mxl-soft-mul -Wl,--no-relax -Wl,--gc-sections -o "display_game2.elf"  ./src/helloworld.o ./src/main.o ./src/platform.o   -Wl,--start-group,-lxil,-lgcc,-lc,--end-group
'Finished building target: display_game2.elf'
' '
'Invoking: MicroBlaze Print Size'
mb-size display_game2.elf  |tee "display_game2.elf.size"
   text	   data	    bss	    dec	    hex	filename
  13792	    360	   3504	  17656	   44f8	display_game2.elf
'Finished building: display_game2.elf.size'
' '
13:33:53 **** Incremental Build of configuration Debug for project display_game2 ****
make all 
make: Nothing to be done for `all'.
13:34:01 **** Auto Build of configuration Debug for project display_game2 ****
make all 
'Building file: ../src/main.c'
'Invoking: MicroBlaze gcc compiler'
mb-gcc -Wall -O0 -g3 -c -fmessage-length=0 -MT"src/main.o" -I../../display_game2_bsp/microblaze_0/include -mlittle-endian -mcpu=v10.0 -mxl-soft-mul -Wl,--no-relax -ffunction-sections -fdata-sections -MMD -MP -MF"src/main.d" -MT"src/main.o" -o "src/main.o" "../src/main.c"
../src/main.c: In function 'DemoRun':
../src/main.c:114:18: warning: passing argument 1 of 'xil_printf' makes pointer from integer without a cast [-Wint-conversion]
       xil_printf(switch_data);
                  ^~~~~~~~~~~
In file included from c:\xilinx\sdk\2018.2\gnu\microblaze\nt\microblaze-xilinx-elf\include\ctype.h:4:0,
                 from ../../display_game2_bsp/microblaze_0/include/xil_printf.h:8,
                 from ../../display_game2_bsp/microblaze_0/include/xil_io.h:65,
                 from ../../display_game2_bsp/microblaze_0/include/xspi_l.h:76,
                 from ../../display_game2_bsp/microblaze_0/include/xspi.h:305,
                 from ../../display_game2_bsp/microblaze_0/include/PmodOLEDrgb.h:32,
                 from ../src/main.c:25:
c:\xilinx\sdk\2018.2\gnu\microblaze\nt\microblaze-xilinx-elf\include\stdio.h:229:9: note: expected 'const char8 * {aka const char *}' but argument is of type 'int'
 void    _EXFUN(xil_printf, (const char*, ...));
         ^
../src/main.c:94:17: warning: unused variable 'output' [-Wunused-variable]
    XGpio input, output;
                 ^~~~~~
'Finished building: ../src/main.c'
' '
'Building target: display_game2.elf'
'Invoking: MicroBlaze gcc linker'
mb-gcc -Wl,-T -Wl,../src/lscript.ld -L../../display_game2_bsp/microblaze_0/lib -mlittle-endian -mcpu=v10.0 -mxl-soft-mul -Wl,--no-relax -Wl,--gc-sections -o "display_game2.elf"  ./src/helloworld.o ./src/main.o ./src/platform.o   -Wl,--start-group,-lxil,-lgcc,-lc,--end-group
'Finished building target: display_game2.elf'
' '
'Invoking: MicroBlaze Print Size'
mb-size display_game2.elf  |tee "display_game2.elf.size"
   text	   data	    bss	    dec	    hex	filename
  13788	    360	   3508	  17656	   44f8	display_game2.elf
'Finished building: display_game2.elf.size'
' '
13:34:08 **** Auto Build of configuration Debug for project display_game2 ****
make all 
'Building file: ../src/main.c'
'Invoking: MicroBlaze gcc compiler'
mb-gcc -Wall -O0 -g3 -c -fmessage-length=0 -MT"src/main.o" -I../../display_game2_bsp/microblaze_0/include -mlittle-endian -mcpu=v10.0 -mxl-soft-mul -Wl,--no-relax -ffunction-sections -fdata-sections -MMD -MP -MF"src/main.d" -MT"src/main.o" -o "src/main.o" "../src/main.c"
../src/main.c: In function 'DemoRun':
../src/main.c:114:18: warning: passing argument 1 of 'xil_printf' makes pointer from integer without a cast [-Wint-conversion]
       xil_printf(switch_data);
                  ^~~~~~~~~~~
In file included from c:\xilinx\sdk\2018.2\gnu\microblaze\nt\microblaze-xilinx-elf\include\ctype.h:4:0,
                 from ../../display_game2_bsp/microblaze_0/include/xil_printf.h:8,
                 from ../../display_game2_bsp/microblaze_0/include/xil_io.h:65,
                 from ../../display_game2_bsp/microblaze_0/include/xspi_l.h:76,
                 from ../../display_game2_bsp/microblaze_0/include/xspi.h:305,
                 from ../../display_game2_bsp/microblaze_0/include/PmodOLEDrgb.h:32,
                 from ../src/main.c:25:
c:\xilinx\sdk\2018.2\gnu\microblaze\nt\microblaze-xilinx-elf\include\stdio.h:229:9: note: expected 'const char8 * {aka const char *}' but argument is of type 'int'
 void    _EXFUN(xil_printf, (const char*, ...));
         ^
../src/main.c:94:17: warning: unused variable 'output' [-Wunused-variable]
    XGpio input, output;
                 ^~~~~~
'Finished building: ../src/main.c'
' '
'Building target: display_game2.elf'
'Invoking: MicroBlaze gcc linker'
mb-gcc -Wl,-T -Wl,../src/lscript.ld -L../../display_game2_bsp/microblaze_0/lib -mlittle-endian -mcpu=v10.0 -mxl-soft-mul -Wl,--no-relax -Wl,--gc-sections -o "display_game2.elf"  ./src/helloworld.o ./src/main.o ./src/platform.o   -Wl,--start-group,-lxil,-lgcc,-lc,--end-group
'Finished building target: display_game2.elf'
' '
'Invoking: MicroBlaze Print Size'
mb-size display_game2.elf  |tee "display_game2.elf.size"
   text	   data	    bss	    dec	    hex	filename
  13704	    360	   3504	  17568	   44a0	display_game2.elf
'Finished building: display_game2.elf.size'
' '
12:11:30 **** Incremental Build of configuration Debug for project display_game2 ****
make all 
make: Nothing to be done for `all'.
12:11:42 **** Incremental Build of configuration Debug for project display_game2 ****
make all 
make: Nothing to be done for `all'.
12:12:01 **** Incremental Build of configuration Debug for project display_game2 ****
make all 
make: Nothing to be done for `all'.
12:12:27 **** Incremental Build of configuration Debug for project display_game2 ****
make all 
make: Nothing to be done for `all'.
12:12:32 **** Incremental Build of configuration Debug for project display_game2 ****
make all 
make: Nothing to be done for `all'.
12:13:36 **** Incremental Build of configuration Debug for project display_game2 ****
make all 
make: Nothing to be done for `all'.
12:14:31 **** Incremental Build of configuration Debug for project display_game2 ****
make all 
make: Nothing to be done for `all'.
12:18:01 **** Auto Build of project display_game2_bsp ****
make -k all 
"Running Make include in microblaze_0/libsrc/bram_v4_2/src"
make -C microblaze_0/libsrc/bram_v4_2/src -s include  "SHELL=CMD" "COMPILER=mb-gcc" "ARCHIVER=mb-ar" "COMPILER_FLAGS=  -O2 -c -mcpu=v10.0 -mlittle-endian -mxl-soft-mul" "EXTRA_COMPILER_FLAGS=-ffunction-sections -fdata-sections -Wall -Wextra"
"Running Make include in microblaze_0/libsrc/cpu_v2_7/src"
make -C microblaze_0/libsrc/cpu_v2_7/src -s include  "SHELL=CMD" "COMPILER=mb-gcc" "ARCHIVER=mb-ar" "COMPILER_FLAGS=  -O2 -c -mcpu=v10.0 -mlittle-endian -mxl-soft-mul" "EXTRA_COMPILER_FLAGS=-ffunction-sections -fdata-sections -Wall -Wextra"
"Running Make include in microblaze_0/libsrc/gpio_v4_3/src"
make -C microblaze_0/libsrc/gpio_v4_3/src -s include  "SHELL=CMD" "COMPILER=mb-gcc" "ARCHIVER=mb-ar" "COMPILER_FLAGS=  -O2 -c -mcpu=v10.0 -mlittle-endian -mxl-soft-mul" "EXTRA_COMPILER_FLAGS=-ffunction-sections -fdata-sections -Wall -Wextra"
"Running Make include in microblaze_0/libsrc/PmodOLEDrgb_v1_0/src"
make -C microblaze_0/libsrc/PmodOLEDrgb_v1_0/src -s include  "SHELL=CMD" "COMPILER=mb-gcc" "ARCHIVER=mb-ar" "COMPILER_FLAGS=  -O2 -c -mcpu=v10.0 -mlittle-endian -mxl-soft-mul" "EXTRA_COMPILER_FLAGS=-ffunction-sections -fdata-sections -Wall -Wextra"
"Running Make include in microblaze_0/libsrc/standalone_v6_7/src"
make -C microblaze_0/libsrc/standalone_v6_7/src -s include  "SHELL=CMD" "COMPILER=mb-gcc" "ARCHIVER=mb-ar" "COMPILER_FLAGS=  -O2 -c -mcpu=v10.0 -mlittle-endian -mxl-soft-mul" "EXTRA_COMPILER_FLAGS=-ffunction-sections -fdata-sections -Wall -Wextra"
"Running Make include in microblaze_0/libsrc/uartlite_v3_2/src"
make -C microblaze_0/libsrc/uartlite_v3_2/src -s include  "SHELL=CMD" "COMPILER=mb-gcc" "ARCHIVER=mb-ar" "COMPILER_FLAGS=  -O2 -c -mcpu=v10.0 -mlittle-endian -mxl-soft-mul" "EXTRA_COMPILER_FLAGS=-ffunction-sections -fdata-sections -Wall -Wextra"
"Running Make libs in microblaze_0/libsrc/bram_v4_2/src"
make -C microblaze_0/libsrc/bram_v4_2/src -s libs  "SHELL=CMD" "COMPILER=mb-gcc" "ARCHIVER=mb-ar" "COMPILER_FLAGS=  -O2 -c -mcpu=v10.0 -mlittle-endian -mxl-soft-mul" "EXTRA_COMPILER_FLAGS=-ffunction-sections -fdata-sections -Wall -Wextra"
"Compiling bram"
mb-ar: creating ../../../lib/libxil.a
"Running Make libs in microblaze_0/libsrc/cpu_v2_7/src"
make -C microblaze_0/libsrc/cpu_v2_7/src -s libs  "SHELL=CMD" "COMPILER=mb-gcc" "ARCHIVER=mb-ar" "COMPILER_FLAGS=  -O2 -c -mcpu=v10.0 -mlittle-endian -mxl-soft-mul" "EXTRA_COMPILER_FLAGS=-ffunction-sections -fdata-sections -Wall -Wextra"
"Compiling cpu"
"Running Make libs in microblaze_0/libsrc/gpio_v4_3/src"
make -C microblaze_0/libsrc/gpio_v4_3/src -s libs  "SHELL=CMD" "COMPILER=mb-gcc" "ARCHIVER=mb-ar" "COMPILER_FLAGS=  -O2 -c -mcpu=v10.0 -mlittle-endian -mxl-soft-mul" "EXTRA_COMPILER_FLAGS=-ffunction-sections -fdata-sections -Wall -Wextra"
"Compiling gpio"
"Running Make libs in microblaze_0/libsrc/PmodOLEDrgb_v1_0/src"
make -C microblaze_0/libsrc/PmodOLEDrgb_v1_0/src -s libs  "SHELL=CMD" "COMPILER=mb-gcc" "ARCHIVER=mb-ar" "COMPILER_FLAGS=  -O2 -c -mcpu=v10.0 -mlittle-endian -mxl-soft-mul" "EXTRA_COMPILER_FLAGS=-ffunction-sections -fdata-sections -Wall -Wextra"
"Compiling PmodOLEDrgb..."
PmodOLEDrgb_selftest.c: In function 'PMODOLEDRGB_Reg_SelfTest':
PmodOLEDrgb_selftest.c:52:60: warning: comparison between signed and unsigned integer expressions [-Wsign-compare]
    if ( PMODOLEDRGB_mReadReg (baseaddr, read_loop_index*4) != (read_loop_index+1)*READ_WRITE_MUL_FACTOR){
                                                            ^~
PmodOLEDrgb_selftest.c:36:6: warning: unused variable 'Index' [-Wunused-variable]
  int Index;
      ^~~~~
"Running Make libs in microblaze_0/libsrc/standalone_v6_7/src"
make -C microblaze_0/libsrc/standalone_v6_7/src -s libs  "SHELL=CMD" "COMPILER=mb-gcc" "ARCHIVER=mb-ar" "COMPILER_FLAGS=  -O2 -c -mcpu=v10.0 -mlittle-endian -mxl-soft-mul" "EXTRA_COMPILER_FLAGS=-ffunction-sections -fdata-sections -Wall -Wextra"
"Compiling standalone";
microblaze_sleep.c:74:9: note: #pragma message: For the sleep routines, assembly instructions are used
 #pragma message ("For the sleep routines, assembly instructions are used")
         ^~~~~~~
"Running Make libs in microblaze_0/libsrc/uartlite_v3_2/src"
make -C microblaze_0/libsrc/uartlite_v3_2/src -s libs  "SHELL=CMD" "COMPILER=mb-gcc" "ARCHIVER=mb-ar" "COMPILER_FLAGS=  -O2 -c -mcpu=v10.0 -mlittle-endian -mxl-soft-mul" "EXTRA_COMPILER_FLAGS=-ffunction-sections -fdata-sections -Wall -Wextra"
"Compiling uartlite"
'Finished building libraries'
12:18:11 **** Auto Build of configuration Debug for project display_game2 ****
make all 
'Building file: ../src/main.c'
'Invoking: MicroBlaze gcc compiler'
mb-gcc -Wall -O0 -g3 -c -fmessage-length=0 -MT"src/main.o" -I../../display_game2_bsp/microblaze_0/include -mlittle-endian -mcpu=v10.0 -mxl-soft-mul -Wl,--no-relax -ffunction-sections -fdata-sections -MMD -MP -MF"src/main.d" -MT"src/main.o" -o "src/main.o" "../src/main.c"
../src/main.c: In function 'DemoRun':
../src/main.c:114:18: warning: passing argument 1 of 'xil_printf' makes pointer from integer without a cast [-Wint-conversion]
       xil_printf(switch_data);
                  ^~~~~~~~~~~
In file included from c:\xilinx\sdk\2018.2\gnu\microblaze\nt\microblaze-xilinx-elf\include\ctype.h:4:0,
                 from ../../display_game2_bsp/microblaze_0/include/xil_printf.h:8,
                 from ../../display_game2_bsp/microblaze_0/include/xil_io.h:65,
                 from ../../display_game2_bsp/microblaze_0/include/xspi_l.h:76,
                 from ../../display_game2_bsp/microblaze_0/include/xspi.h:305,
                 from ../../display_game2_bsp/microblaze_0/include/PmodOLEDrgb.h:32,
                 from ../src/main.c:25:
c:\xilinx\sdk\2018.2\gnu\microblaze\nt\microblaze-xilinx-elf\include\stdio.h:229:9: note: expected 'const char8 * {aka const char *}' but argument is of type 'int'
 void    _EXFUN(xil_printf, (const char*, ...));
         ^
../src/main.c:94:17: warning: unused variable 'output' [-Wunused-variable]
    XGpio input, output;
                 ^~~~~~
'Finished building: ../src/main.c'
' '
'Building file: ../src/platform.c'
'Invoking: MicroBlaze gcc compiler'
mb-gcc -Wall -O0 -g3 -c -fmessage-length=0 -MT"src/platform.o" -I../../display_game2_bsp/microblaze_0/include -mlittle-endian -mcpu=v10.0 -mxl-soft-mul -Wl,--no-relax -ffunction-sections -fdata-sections -MMD -MP -MF"src/platform.d" -MT"src/platform.o" -o "src/platform.o" "../src/platform.c"
'Finished building: ../src/platform.c'
' '
'Building target: display_game2.elf'
'Invoking: MicroBlaze gcc linker'
mb-gcc -Wl,-T -Wl,../src/lscript.ld -L../../display_game2_bsp/microblaze_0/lib -mlittle-endian -mcpu=v10.0 -mxl-soft-mul -Wl,--no-relax -Wl,--gc-sections -o "display_game2.elf"  ./src/helloworld.o ./src/main.o ./src/platform.o   -Wl,--start-group,-lxil,-lgcc,-lc,--end-group
'Finished building target: display_game2.elf'
' '
'Invoking: MicroBlaze Print Size'
mb-size display_game2.elf  |tee "display_game2.elf.size"
   text	   data	    bss	    dec	    hex	filename
  13704	    360	   3504	  17568	   44a0	display_game2.elf
'Finished building: display_game2.elf.size'
' '
12:18:34 **** Incremental Build of configuration Debug for project display_game2 ****
make all 
'Building file: ../src/main.c'
'Invoking: MicroBlaze gcc compiler'
mb-gcc -Wall -O0 -g3 -c -fmessage-length=0 -MT"src/main.o" -I../../display_game2_bsp/microblaze_0/include -mlittle-endian -mcpu=v10.0 -mxl-soft-mul -Wl,--no-relax -ffunction-sections -fdata-sections -MMD -MP -MF"src/main.d" -MT"src/main.o" -o "src/main.o" "../src/main.c"
In file included from ../src/main.c:24:0:
../src/bitmap.h:24:10: fatal error: xil_types.h: No such file or directory
 #include "xil_types.h"
          ^~~~~~~~~~~~~
compilation terminated.
make: *** [src/main.o] Error 1
12:20:22 **** Incremental Build of configuration Debug for project display_game2 ****
make all 
'Building file: ../src/main.c'
'Invoking: MicroBlaze gcc compiler'
mb-gcc -Wall -O0 -g3 -c -fmessage-length=0 -MT"src/main.o" -I../../display_game2_bsp/microblaze_0/include -mlittle-endian -mcpu=v10.0 -mxl-soft-mul -Wl,--no-relax -ffunction-sections -fdata-sections -MMD -MP -MF"src/main.d" -MT"src/main.o" -o "src/main.o" "../src/main.c"
In file included from ../src/main.c:24:0:
../src/bitmap.h:24:10: fatal error: xil_types.h: No such file or directory
 #include "xil_types.h"
          ^~~~~~~~~~~~~
compilation terminated.
make: *** [src/main.o] Error 1
12:21:09 **** Incremental Build of configuration Debug for project display_game2 ****
make all 
'Building file: ../src/main.c'
'Invoking: MicroBlaze gcc compiler'
mb-gcc -Wall -O0 -g3 -c -fmessage-length=0 -MT"src/main.o" -I../../display_game2_bsp/microblaze_0/include -mlittle-endian -mcpu=v10.0 -mxl-soft-mul -Wl,--no-relax -ffunction-sections -fdata-sections -MMD -MP -MF"src/main.d" -MT"src/main.o" -o "src/main.o" "../src/main.c"
In file included from ../src/main.c:24:0:
../src/bitmap.h:24:10: fatal error: xil_types.h: No such file or directory
 #include "xil_types.h"
          ^~~~~~~~~~~~~
compilation terminated.
make: *** [src/main.o] Error 1
12:22:08 **** Incremental Build of configuration Debug for project display_game2 ****
make all 
'Building file: ../src/main.c'
'Invoking: MicroBlaze gcc compiler'
mb-gcc -Wall -O0 -g3 -c -fmessage-length=0 -MT"src/main.o" -I../../display_game2_bsp/microblaze_0/include -mlittle-endian -mcpu=v10.0 -mxl-soft-mul -Wl,--no-relax -ffunction-sections -fdata-sections -MMD -MP -MF"src/main.d" -MT"src/main.o" -o "src/main.o" "../src/main.c"
In file included from ../src/main.c:24:0:
../src/bitmap.h:24:10: fatal error: xil_types.h: No such file or directory
 #include "xil_types.h"
          ^~~~~~~~~~~~~
compilation terminated.
make: *** [src/main.o] Error 1
12:27:46 **** Auto Build of configuration Debug for project display_game2 ****
make all 
'Building file: ../src/main.c'
'Invoking: MicroBlaze gcc compiler'
mb-gcc -Wall -O0 -g3 -c -fmessage-length=0 -MT"src/main.o" -I../../display_game2_bsp/microblaze_0/include -mlittle-endian -mcpu=v10.0 -mxl-soft-mul -Wl,--no-relax -ffunction-sections -fdata-sections -MMD -MP -MF"src/main.d" -MT"src/main.o" -o "src/main.o" "../src/main.c"
In file included from ../src/main.c:24:0:
../src/bitmap.h:24:10: fatal error: xil_types.h: No such file or directory
 #include "xil_types.h"
          ^~~~~~~~~~~~~
compilation terminated.
make: *** [src/main.o] Error 1
12:27:50 **** Incremental Build of configuration Debug for project display_game2 ****
make all 
'Building file: ../src/main.c'
'Invoking: MicroBlaze gcc compiler'
mb-gcc -Wall -O0 -g3 -c -fmessage-length=0 -MT"src/main.o" -I../../display_game2_bsp/microblaze_0/include -mlittle-endian -mcpu=v10.0 -mxl-soft-mul -Wl,--no-relax -ffunction-sections -fdata-sections -MMD -MP -MF"src/main.d" -MT"src/main.o" -o "src/main.o" "../src/main.c"
In file included from ../src/main.c:24:0:
../src/bitmap.h:24:10: fatal error: xil_types.h: No such file or directory
 #include "xil_types.h"
          ^~~~~~~~~~~~~
compilation terminated.
make: *** [src/main.o] Error 1
12:29:36 **** Incremental Build of configuration Debug for project display_game2 ****
make all 
'Building file: ../src/main.c'
'Invoking: MicroBlaze gcc compiler'
mb-gcc -Wall -O0 -g3 -c -fmessage-length=0 -MT"src/main.o" -I../../display_game2_bsp/microblaze_0/include -mlittle-endian -mcpu=v10.0 -mxl-soft-mul -Wl,--no-relax -ffunction-sections -fdata-sections -MMD -MP -MF"src/main.d" -MT"src/main.o" -o "src/main.o" "../src/main.c"
In file included from ../src/main.c:24:0:
../src/bitmap.h:24:10: fatal error: xil_types.h: No such file or directory
 #include "xil_types.h"
          ^~~~~~~~~~~~~
compilation terminated.
make: *** [src/main.o] Error 1
12:29:46 **** Incremental Build of configuration Debug for project display_game2 ****
make all 
'Building file: ../src/main.c'
'Invoking: MicroBlaze gcc compiler'
mb-gcc -Wall -O0 -g3 -c -fmessage-length=0 -MT"src/main.o" -I../../display_game2_bsp/microblaze_0/include -mlittle-endian -mcpu=v10.0 -mxl-soft-mul -Wl,--no-relax -ffunction-sections -fdata-sections -MMD -MP -MF"src/main.d" -MT"src/main.o" -o "src/main.o" "../src/main.c"
In file included from ../src/main.c:24:0:
../src/bitmap.h:24:10: fatal error: xil_types.h: No such file or directory
 #include "xil_types.h"
          ^~~~~~~~~~~~~
compilation terminated.
make: *** [src/main.o] Error 1
12:30:20 **** Auto Build of configuration Debug for project display_game2 ****
make all 
'Building file: ../src/main.c'
'Invoking: MicroBlaze gcc compiler'
mb-gcc -Wall -O0 -g3 -c -fmessage-length=0 -MT"src/main.o" -I../../display_game2_bsp/microblaze_0/include -mlittle-endian -mcpu=v10.0 -mxl-soft-mul -Wl,--no-relax -ffunction-sections -fdata-sections -MMD -MP -MF"src/main.d" -MT"src/main.o" -o "src/main.o" "../src/main.c"
In file included from ../src/main.c:24:0:
../src/bitmap.h:24:10: fatal error: xil_types.h: No such file or directory
 #include "xil_types.h"
          ^~~~~~~~~~~~~
compilation terminated.
make: *** [src/main.o] Error 1
12:30:40 **** Auto Build of configuration Debug for project display_game2 ****
make all 
'Building file: ../src/main.c'
'Invoking: MicroBlaze gcc compiler'
mb-gcc -Wall -O0 -g3 -c -fmessage-length=0 -MT"src/main.o" -I../../display_game2_bsp/microblaze_0/include -mlittle-endian -mcpu=v10.0 -mxl-soft-mul -Wl,--no-relax -ffunction-sections -fdata-sections -MMD -MP -MF"src/main.d" -MT"src/main.o" -o "src/main.o" "../src/main.c"
In file included from ../src/main.c:24:0:
../src/bitmap.h:24:10: fatal error: xil_types.h: No such file or directory
 #include "xil_types.h"
          ^~~~~~~~~~~~~
compilation terminated.
make: *** [src/main.o] Error 1
12:30:55 **** Auto Build of configuration Debug for project display_game2 ****
make all 
'Building file: ../src/main.c'
'Invoking: MicroBlaze gcc compiler'
mb-gcc -Wall -O0 -g3 -c -fmessage-length=0 -MT"src/main.o" -I../../display_game2_bsp/microblaze_0/include -mlittle-endian -mcpu=v10.0 -mxl-soft-mul -Wl,--no-relax -ffunction-sections -fdata-sections -MMD -MP -MF"src/main.d" -MT"src/main.o" -o "src/main.o" "../src/main.c"
In file included from ../src/main.c:24:0:
../src/bitmap.h:24:10: fatal error: xil_types.h: No such file or directory
 #include "xil_types.h"
          ^~~~~~~~~~~~~
compilation terminated.
make: *** [src/main.o] Error 1
12:31:11 **** Auto Build of configuration Debug for project display_game2 ****
make all 
'Building file: ../src/main.c'
'Invoking: MicroBlaze gcc compiler'
mb-gcc -Wall -O0 -g3 -c -fmessage-length=0 -MT"src/main.o" -I../../display_game2_bsp/microblaze_0/include -mlittle-endian -mcpu=v10.0 -mxl-soft-mul -Wl,--no-relax -ffunction-sections -fdata-sections -MMD -MP -MF"src/main.d" -MT"src/main.o" -o "src/main.o" "../src/main.c"
In file included from ../src/main.c:24:0:
../src/bitmap.h:24:10: fatal error: xil_types.h: No such file or directory
 #include "xil_types.h"
          ^~~~~~~~~~~~~
compilation terminated.
make: *** [src/main.o] Error 1
12:31:14 **** Incremental Build of configuration Debug for project display_game2 ****
make all 
'Building file: ../src/main.c'
'Invoking: MicroBlaze gcc compiler'
mb-gcc -Wall -O0 -g3 -c -fmessage-length=0 -MT"src/main.o" -I../../display_game2_bsp/microblaze_0/include -mlittle-endian -mcpu=v10.0 -mxl-soft-mul -Wl,--no-relax -ffunction-sections -fdata-sections -MMD -MP -MF"src/main.d" -MT"src/main.o" -o "src/main.o" "../src/main.c"
In file included from ../src/main.c:24:0:
../src/bitmap.h:24:10: fatal error: xil_types.h: No such file or directory
 #include "xil_types.h"
          ^~~~~~~~~~~~~
compilation terminated.
make: *** [src/main.o] Error 1
12:38:17 **** Auto Build of configuration Debug for project display_game2 ****
make all 
'Building file: ../src/main.c'
'Invoking: MicroBlaze gcc compiler'
mb-gcc -Wall -O0 -g3 -c -fmessage-length=0 -MT"src/main.o" -I../../display_game2_bsp/microblaze_0/include -mlittle-endian -mcpu=v10.0 -mxl-soft-mul -Wl,--no-relax -ffunction-sections -fdata-sections -MMD -MP -MF"src/main.d" -MT"src/main.o" -o "src/main.o" "../src/main.c"
In file included from ../src/main.c:24:0:
../src/bitmap.h:24:10: fatal error: xil_types.h: No such file or directory
 #include "xil_types.h"
          ^~~~~~~~~~~~~
compilation terminated.
make: *** [src/main.o] Error 1
12:39:18 **** Auto Build of configuration Debug for project display_game2 ****
make all 
'Building file: ../src/main.c'
'Invoking: MicroBlaze gcc compiler'
mb-gcc -Wall -O0 -g3 -c -fmessage-length=0 -MT"src/main.o" -I../../display_game2_bsp/microblaze_0/include -mlittle-endian -mcpu=v10.0 -mxl-soft-mul -Wl,--no-relax -ffunction-sections -fdata-sections -MMD -MP -MF"src/main.d" -MT"src/main.o" -o "src/main.o" "../src/main.c"
In file included from ../src/main.c:24:0:
../src/bitmap.h:24:10: fatal error: xil_types.h: No such file or directory
 #include "xil_types.h"
          ^~~~~~~~~~~~~
compilation terminated.
make: *** [src/main.o] Error 1
12:39:22 **** Incremental Build of configuration Debug for project display_game2 ****
make all 
'Building file: ../src/main.c'
'Invoking: MicroBlaze gcc compiler'
mb-gcc -Wall -O0 -g3 -c -fmessage-length=0 -MT"src/main.o" -I../../display_game2_bsp/microblaze_0/include -mlittle-endian -mcpu=v10.0 -mxl-soft-mul -Wl,--no-relax -ffunction-sections -fdata-sections -MMD -MP -MF"src/main.d" -MT"src/main.o" -o "src/main.o" "../src/main.c"
In file included from ../src/main.c:24:0:
../src/bitmap.h:24:10: fatal error: xil_types.h: No such file or directory
 #include "xil_types.h"
          ^~~~~~~~~~~~~
compilation terminated.
make: *** [src/main.o] Error 1
12:39:47 **** Auto Build of configuration Debug for project display_game2 ****
make all 
'Building file: ../src/main.c'
'Invoking: MicroBlaze gcc compiler'
mb-gcc -Wall -O0 -g3 -c -fmessage-length=0 -MT"src/main.o" -I../../display_game2_bsp/microblaze_0/include -mlittle-endian -mcpu=v10.0 -mxl-soft-mul -Wl,--no-relax -ffunction-sections -fdata-sections -MMD -MP -MF"src/main.d" -MT"src/main.o" -o "src/main.o" "../src/main.c"
In file included from ../src/main.c:24:0:
../src/bitmap.h:24:10: fatal error: xil_types.h: No such file or directory
 #include "xil_types.h"
          ^~~~~~~~~~~~~
compilation terminated.
make: *** [src/main.o] Error 1
12:39:49 **** Incremental Build of configuration Debug for project display_game2 ****
make all 
'Building file: ../src/main.c'
'Invoking: MicroBlaze gcc compiler'
mb-gcc -Wall -O0 -g3 -c -fmessage-length=0 -MT"src/main.o" -I../../display_game2_bsp/microblaze_0/include -mlittle-endian -mcpu=v10.0 -mxl-soft-mul -Wl,--no-relax -ffunction-sections -fdata-sections -MMD -MP -MF"src/main.d" -MT"src/main.o" -o "src/main.o" "../src/main.c"
In file included from ../src/main.c:24:0:
../src/bitmap.h:24:10: fatal error: xil_types.h: No such file or directory
 #include "xil_types.h"
          ^~~~~~~~~~~~~
compilation terminated.
make: *** [src/main.o] Error 1
12:40:00 **** Incremental Build of configuration Debug for project display_game2 ****
make all 
'Building file: ../src/main.c'
'Invoking: MicroBlaze gcc compiler'
mb-gcc -Wall -O0 -g3 -c -fmessage-length=0 -MT"src/main.o" -I../../display_game2_bsp/microblaze_0/include -mlittle-endian -mcpu=v10.0 -mxl-soft-mul -Wl,--no-relax -ffunction-sections -fdata-sections -MMD -MP -MF"src/main.d" -MT"src/main.o" -o "src/main.o" "../src/main.c"
In file included from ../src/main.c:24:0:
../src/bitmap.h:24:10: fatal error: xil_types.h: No such file or directory
 #include "xil_types.h"
          ^~~~~~~~~~~~~
compilation terminated.
make: *** [src/main.o] Error 1
12:40:56 **** Auto Build of configuration Debug for project display_game2 ****
make all 
'Building file: ../src/main.c'
'Invoking: MicroBlaze gcc compiler'
mb-gcc -Wall -O0 -g3 -c -fmessage-length=0 -MT"src/main.o" -I../../display_game2_bsp/microblaze_0/include -mlittle-endian -mcpu=v10.0 -mxl-soft-mul -Wl,--no-relax -ffunction-sections -fdata-sections -MMD -MP -MF"src/main.d" -MT"src/main.o" -o "src/main.o" "../src/main.c"
In file included from ../src/main.c:24:0:
../src/bitmap.h:24:10: fatal error: xil_types.h: No such file or directory
 #include "xil_types.h"
          ^~~~~~~~~~~~~
compilation terminated.
make: *** [src/main.o] Error 1
12:40:58 **** Incremental Build of configuration Debug for project display_game2 ****
make all 
'Building file: ../src/main.c'
'Invoking: MicroBlaze gcc compiler'
mb-gcc -Wall -O0 -g3 -c -fmessage-length=0 -MT"src/main.o" -I../../display_game2_bsp/microblaze_0/include -mlittle-endian -mcpu=v10.0 -mxl-soft-mul -Wl,--no-relax -ffunction-sections -fdata-sections -MMD -MP -MF"src/main.d" -MT"src/main.o" -o "src/main.o" "../src/main.c"
In file included from ../src/main.c:24:0:
../src/bitmap.h:24:10: fatal error: xil_types.h: No such file or directory
 #include "xil_types.h"
          ^~~~~~~~~~~~~
compilation terminated.
make: *** [src/main.o] Error 1
12:41:29 **** Auto Build of configuration Debug for project display_game2 ****
make all 
'Building file: ../src/main.c'
'Invoking: MicroBlaze gcc compiler'
mb-gcc -Wall -O0 -g3 -c -fmessage-length=0 -MT"src/main.o" -I../../display_game2_bsp/microblaze_0/include -mlittle-endian -mcpu=v10.0 -mxl-soft-mul -Wl,--no-relax -ffunction-sections -fdata-sections -MMD -MP -MF"src/main.d" -MT"src/main.o" -o "src/main.o" "../src/main.c"
In file included from ../src/main.c:24:0:
../src/bitmap.h:24:10: fatal error: xil_types.h: No such file or directory
 #include "xil_types.h"
          ^~~~~~~~~~~~~
compilation terminated.
make: *** [src/main.o] Error 1
12:41:47 **** Incremental Build of configuration Debug for project display_game2 ****
make all 
'Building file: ../src/main.c'
'Invoking: MicroBlaze gcc compiler'
mb-gcc -Wall -O0 -g3 -c -fmessage-length=0 -MT"src/main.o" -I../../display_game2_bsp/microblaze_0/include -mlittle-endian -mcpu=v10.0 -mxl-soft-mul -Wl,--no-relax -ffunction-sections -fdata-sections -MMD -MP -MF"src/main.d" -MT"src/main.o" -o "src/main.o" "../src/main.c"
In file included from ../src/main.c:24:0:
../src/bitmap.h:24:10: fatal error: xil_types.h: No such file or directory
 #include "xil_types.h"
          ^~~~~~~~~~~~~
compilation terminated.
make: *** [src/main.o] Error 1
12:41:52 **** Incremental Build of configuration Debug for project display_game2 ****
make all 
'Building file: ../src/main.c'
'Invoking: MicroBlaze gcc compiler'
mb-gcc -Wall -O0 -g3 -c -fmessage-length=0 -MT"src/main.o" -I../../display_game2_bsp/microblaze_0/include -mlittle-endian -mcpu=v10.0 -mxl-soft-mul -Wl,--no-relax -ffunction-sections -fdata-sections -MMD -MP -MF"src/main.d" -MT"src/main.o" -o "src/main.o" "../src/main.c"
In file included from ../src/main.c:24:0:
../src/bitmap.h:24:10: fatal error: xil_types.h: No such file or directory
 #include "xil_types.h"
          ^~~~~~~~~~~~~
compilation terminated.
make: *** [src/main.o] Error 1
12:43:27 **** Auto Build of configuration Debug for project display_game2 ****
make all 
'Building file: ../src/main.c'
'Invoking: MicroBlaze gcc compiler'
mb-gcc -Wall -O0 -g3 -c -fmessage-length=0 -MT"src/main.o" -I../../display_game2_bsp/microblaze_0/include -mlittle-endian -mcpu=v10.0 -mxl-soft-mul -Wl,--no-relax -ffunction-sections -fdata-sections -MMD -MP -MF"src/main.d" -MT"src/main.o" -o "src/main.o" "../src/main.c"
In file included from ../src/main.c:24:0:
../src/bitmap.h:24:10: fatal error: xil_types.h: No such file or directory
 #include "xil_types.h"
          ^~~~~~~~~~~~~
compilation terminated.
make: *** [src/main.o] Error 1
12:43:30 **** Incremental Build of configuration Debug for project display_game2 ****
make all 
'Building file: ../src/main.c'
'Invoking: MicroBlaze gcc compiler'
mb-gcc -Wall -O0 -g3 -c -fmessage-length=0 -MT"src/main.o" -I../../display_game2_bsp/microblaze_0/include -mlittle-endian -mcpu=v10.0 -mxl-soft-mul -Wl,--no-relax -ffunction-sections -fdata-sections -MMD -MP -MF"src/main.d" -MT"src/main.o" -o "src/main.o" "../src/main.c"
In file included from ../src/main.c:24:0:
../src/bitmap.h:24:10: fatal error: xil_types.h: No such file or directory
 #include "xil_types.h"
          ^~~~~~~~~~~~~
compilation terminated.
make: *** [src/main.o] Error 1
12:43:41 **** Incremental Build of configuration Debug for project display_game2 ****
make all 
'Building file: ../src/main.c'
'Invoking: MicroBlaze gcc compiler'
mb-gcc -Wall -O0 -g3 -c -fmessage-length=0 -MT"src/main.o" -I../../display_game2_bsp/microblaze_0/include -mlittle-endian -mcpu=v10.0 -mxl-soft-mul -Wl,--no-relax -ffunction-sections -fdata-sections -MMD -MP -MF"src/main.d" -MT"src/main.o" -o "src/main.o" "../src/main.c"
In file included from ../src/main.c:24:0:
../src/bitmap.h:24:10: fatal error: xil_types.h: No such file or directory
 #include "xil_types.h"
          ^~~~~~~~~~~~~
compilation terminated.
make: *** [src/main.o] Error 1
12:45:30 **** Incremental Build of configuration Debug for project display_game2 ****
make all 
'Building file: ../src/main.c'
'Invoking: MicroBlaze gcc compiler'
mb-gcc -Wall -O0 -g3 -c -fmessage-length=0 -MT"src/main.o" -I../../display_game2_bsp/microblaze_0/include -mlittle-endian -mcpu=v10.0 -mxl-soft-mul -Wl,--no-relax -ffunction-sections -fdata-sections -MMD -MP -MF"src/main.d" -MT"src/main.o" -o "src/main.o" "../src/main.c"
In file included from ../src/main.c:24:0:
../src/bitmap.h:24:10: fatal error: xil_types.h: No such file or directory
 #include "xil_types.h"
          ^~~~~~~~~~~~~
compilation terminated.
make: *** [src/main.o] Error 1
12:46:58 **** Incremental Build of configuration Debug for project display_game2 ****
make all 
'Building file: ../src/main.c'
'Invoking: MicroBlaze gcc compiler'
mb-gcc -Wall -O0 -g3 -c -fmessage-length=0 -MT"src/main.o" -I../../display_game2_bsp/microblaze_0/include -mlittle-endian -mcpu=v10.0 -mxl-soft-mul -Wl,--no-relax -ffunction-sections -fdata-sections -MMD -MP -MF"src/main.d" -MT"src/main.o" -o "src/main.o" "../src/main.c"
In file included from ../src/main.c:24:0:
../src/bitmap.h:24:10: fatal error: xil_types.h: No such file or directory
 #include "xil_types.h"
          ^~~~~~~~~~~~~
compilation terminated.
make: *** [src/main.o] Error 1
12:47:49 **** Incremental Build of configuration Debug for project display_game2 ****
make all 
'Building file: ../src/main.c'
'Invoking: MicroBlaze gcc compiler'
mb-gcc -Wall -O0 -g3 -c -fmessage-length=0 -MT"src/main.o" -I../../display_game2_bsp/microblaze_0/include -mlittle-endian -mcpu=v10.0 -mxl-soft-mul -Wl,--no-relax -ffunction-sections -fdata-sections -MMD -MP -MF"src/main.d" -MT"src/main.o" -o "src/main.o" "../src/main.c"
In file included from ../src/main.c:24:0:
../src/bitmap.h:24:10: fatal error: xil_types.h: No such file or directory
 #include "xil_types.h"
          ^~~~~~~~~~~~~
compilation terminated.
make: *** [src/main.o] Error 1
12:51:41 **** Incremental Build of configuration Debug for project display_game2 ****
make all 
'Building file: ../src/main.c'
'Invoking: MicroBlaze gcc compiler'
mb-gcc -Wall -O0 -g3 -c -fmessage-length=0 -MT"src/main.o" -I../../display_game2_bsp/microblaze_0/include -mlittle-endian -mcpu=v10.0 -mxl-soft-mul -Wl,--no-relax -ffunction-sections -fdata-sections -MMD -MP -MF"src/main.d" -MT"src/main.o" -o "src/main.o" "../src/main.c"
In file included from ../src/main.c:24:0:
../src/bitmap.h:24:10: fatal error: xil_types.h: No such file or directory
 #include "xil_types.h"
          ^~~~~~~~~~~~~
compilation terminated.
make: *** [src/main.o] Error 1
12:52:19 **** Auto Build of configuration Debug for project display_game2 ****
make all 
'Building file: ../src/main.c'
'Invoking: MicroBlaze gcc compiler'
mb-gcc -Wall -O0 -g3 -c -fmessage-length=0 -MT"src/main.o" -I../../display_game2_bsp/microblaze_0/include -mlittle-endian -mcpu=v10.0 -mxl-soft-mul -Wl,--no-relax -ffunction-sections -fdata-sections -MMD -MP -MF"src/main.d" -MT"src/main.o" -o "src/main.o" "../src/main.c"
In file included from ../src/main.c:24:0:
../src/bitmap.h:24:10: fatal error: xil_types.h: No such file or directory
 #include "xil_types.h"
          ^~~~~~~~~~~~~
compilation terminated.
make: *** [src/main.o] Error 1
12:52:40 **** Auto Build of configuration Debug for project display_game2 ****
make all 
'Building file: ../src/main.c'
'Invoking: MicroBlaze gcc compiler'
mb-gcc -Wall -O0 -g3 -c -fmessage-length=0 -MT"src/main.o" -I../../display_game2_bsp/microblaze_0/include -mlittle-endian -mcpu=v10.0 -mxl-soft-mul -Wl,--no-relax -ffunction-sections -fdata-sections -MMD -MP -MF"src/main.d" -MT"src/main.o" -o "src/main.o" "../src/main.c"
../src/main.c:25:10: fatal error: PmodOLEDrgb.h: No such file or directory
 #include "PmodOLEDrgb.h"
          ^~~~~~~~~~~~~~~
compilation terminated.
make: *** [src/main.o] Error 1
12:52:55 **** Auto Build of configuration Debug for project display_game2 ****
make all 
'Building file: ../src/main.c'
'Invoking: MicroBlaze gcc compiler'
mb-gcc -Wall -O0 -g3 -c -fmessage-length=0 -MT"src/main.o" -I../../display_game2_bsp/microblaze_0/include -mlittle-endian -mcpu=v10.0 -mxl-soft-mul -Wl,--no-relax -ffunction-sections -fdata-sections -MMD -MP -MF"src/main.d" -MT"src/main.o" -o "src/main.o" "../src/main.c"
../src/main.c:26:10: fatal error: sleep.h: No such file or directory
 #include "sleep.h"
          ^~~~~~~~~
compilation terminated.
make: *** [src/main.o] Error 1
12:53:02 **** Auto Build of configuration Debug for project display_game2 ****
make all 
'Building file: ../src/main.c'
'Invoking: MicroBlaze gcc compiler'
mb-gcc -Wall -O0 -g3 -c -fmessage-length=0 -MT"src/main.o" -I../../display_game2_bsp/microblaze_0/include -mlittle-endian -mcpu=v10.0 -mxl-soft-mul -Wl,--no-relax -ffunction-sections -fdata-sections -MMD -MP -MF"src/main.d" -MT"src/main.o" -o "src/main.o" "../src/main.c"
../src/main.c:27:10: fatal error: xil_cache.h: No such file or directory
 #include "xil_cache.h"
          ^~~~~~~~~~~~~
compilation terminated.
make: *** [src/main.o] Error 1
12:53:05 **** Auto Build of configuration Debug for project display_game2 ****
make all 
'Building file: ../src/main.c'
'Invoking: MicroBlaze gcc compiler'
mb-gcc -Wall -O0 -g3 -c -fmessage-length=0 -MT"src/main.o" -I../../display_game2_bsp/microblaze_0/include -mlittle-endian -mcpu=v10.0 -mxl-soft-mul -Wl,--no-relax -ffunction-sections -fdata-sections -MMD -MP -MF"src/main.d" -MT"src/main.o" -o "src/main.o" "../src/main.c"
../src/main.c:30:10: fatal error: xgpio.h: No such file or directory
 #include "xgpio.h"
          ^~~~~~~~~
compilation terminated.
make: *** [src/main.o] Error 1
12:53:09 **** Auto Build of configuration Debug for project display_game2 ****
make all 
'Building file: ../src/main.c'
'Invoking: MicroBlaze gcc compiler'
mb-gcc -Wall -O0 -g3 -c -fmessage-length=0 -MT"src/main.o" -I../../display_game2_bsp/microblaze_0/include -mlittle-endian -mcpu=v10.0 -mxl-soft-mul -Wl,--no-relax -ffunction-sections -fdata-sections -MMD -MP -MF"src/main.d" -MT"src/main.o" -o "src/main.o" "../src/main.c"
../src/main.c:33:10: fatal error: xil_printf.h: No such file or directory
 #include "xil_printf.h"
          ^~~~~~~~~~~~~~
compilation terminated.
make: *** [src/main.o] Error 1
12:53:13 **** Auto Build of configuration Debug for project display_game2 ****
make all 
'Building file: ../src/main.c'
'Invoking: MicroBlaze gcc compiler'
mb-gcc -Wall -O0 -g3 -c -fmessage-length=0 -MT"src/main.o" -I../../display_game2_bsp/microblaze_0/include -mlittle-endian -mcpu=v10.0 -mxl-soft-mul -Wl,--no-relax -ffunction-sections -fdata-sections -MMD -MP -MF"src/main.d" -MT"src/main.o" -o "src/main.o" "../src/main.c"
../src/main.c:41:10: fatal error: xbasic_types.h: No such file or directory
 #include "xbasic_types.h"
          ^~~~~~~~~~~~~~~~
compilation terminated.
make: *** [src/main.o] Error 1
12:53:17 **** Auto Build of configuration Debug for project display_game2 ****
make all 
'Building file: ../src/main.c'
'Invoking: MicroBlaze gcc compiler'
mb-gcc -Wall -O0 -g3 -c -fmessage-length=0 -MT"src/main.o" -I../../display_game2_bsp/microblaze_0/include -mlittle-endian -mcpu=v10.0 -mxl-soft-mul -Wl,--no-relax -ffunction-sections -fdata-sections -MMD -MP -MF"src/main.d" -MT"src/main.o" -o "src/main.o" "../src/main.c"
../src/main.c:42:10: fatal error: xstatus.h: No such file or directory
 #include "xstatus.h"
          ^~~~~~~~~~~
compilation terminated.
make: *** [src/main.o] Error 1
12:53:21 **** Auto Build of configuration Debug for project display_game2 ****
make all 
'Building file: ../src/main.c'
'Invoking: MicroBlaze gcc compiler'
mb-gcc -Wall -O0 -g3 -c -fmessage-length=0 -MT"src/main.o" -I../../display_game2_bsp/microblaze_0/include -mlittle-endian -mcpu=v10.0 -mxl-soft-mul -Wl,--no-relax -ffunction-sections -fdata-sections -MMD -MP -MF"src/main.d" -MT"src/main.o" -o "src/main.o" "../src/main.c"
../src/main.c:50:1: error: unknown type name 'PmodOLEDrgb'
 PmodOLEDrgb oledrgb;
 ^~~~~~~~~~~
../src/main.c:52:1: error: unknown type name 'u8'
 u8 rgbUserFont[] = {
 ^~
../src/main.c: In function 'DemoInitialize':
../src/main.c:69:4: warning: implicit declaration of function 'OLEDrgb_begin' [-Wimplicit-function-declaration]
    OLEDrgb_begin(&oledrgb, XPAR_PMODOLEDRGB_0_AXI_LITE_GPIO_BASEADDR,
    ^~~~~~~~~~~~~
../src/main.c: In function 'DemoRun':
../src/main.c:78:7: warning: implicit declaration of function 'OLEDrgb_DefUserChar' [-Wimplicit-function-declaration]
       OLEDrgb_DefUserChar(&oledrgb, ch, &rgbUserFont[ch * 8]);
       ^~~~~~~~~~~~~~~~~~~
../src/main.c:81:4: warning: implicit declaration of function 'OLEDrgb_SetCursor' [-Wimplicit-function-declaration]
    OLEDrgb_SetCursor(&oledrgb, 2, 1);
    ^~~~~~~~~~~~~~~~~
../src/main.c:82:4: warning: implicit declaration of function 'OLEDrgb_PutString' [-Wimplicit-function-declaration]
    OLEDrgb_PutString(&oledrgb, "E"); // Default color (green)
    ^~~~~~~~~~~~~~~~~
../src/main.c:84:4: warning: implicit declaration of function 'OLEDrgb_SetFontColor' [-Wimplicit-function-declaration]
    OLEDrgb_SetFontColor(&oledrgb, OLEDrgb_BuildRGB(0, 0, 255)); // Blue font
    ^~~~~~~~~~~~~~~~~~~~
../src/main.c:84:35: warning: implicit declaration of function 'OLEDrgb_BuildRGB' [-Wimplicit-function-declaration]
    OLEDrgb_SetFontColor(&oledrgb, OLEDrgb_BuildRGB(0, 0, 255)); // Blue font
                                   ^~~~~~~~~~~~~~~~
../src/main.c:114:4: error: 'status' undeclared (first use in this function); did you mean 'stdout'?
    status = XGpio_Initialize(&GpioOutput,
    ^~~~~~
    stdout
../src/main.c:114:4: note: each undeclared identifier is reported only once for each function it appears in
../src/main.c:114:13: warning: implicit declaration of function 'XGpio_Initialize'; did you mean 'DemoInitialize'? [-Wimplicit-function-declaration]
    status = XGpio_Initialize(&GpioOutput,
             ^~~~~~~~~~~~~~~~
             DemoInitialize
../src/main.c:114:31: error: 'GpioOutput' undeclared (first use in this function)
    status = XGpio_Initialize(&GpioOutput,
                               ^~~~~~~~~~
../src/main.c:115:35: error: 'XPAR_LEDS_8BIT_DEVICE_ID' undeclared (first use in this function); did you mean 'XPAR_GPIO_0_DEVICE_ID'?
                                   XPAR_LEDS_8BIT_DEVICE_ID);
                                   ^~~~~~~~~~~~~~~~~~~~~~~~
                                   XPAR_GPIO_0_DEVICE_ID
../src/main.c:116:18: error: 'XST_SUCCESS' undeclared (first use in this function)
    if (status != XST_SUCCESS)
                  ^~~~~~~~~~~
../src/main.c:117:13: error: 'XST_FAILURE' undeclared (first use in this function)
      return XST_FAILURE;
             ^~~~~~~~~~~
../src/main.c:117:13: warning: 'return' with a value, in function returning void
../src/main.c:73:6: note: declared here
 void DemoRun() {
      ^~~~~~~
../src/main.c:119:4: warning: implicit declaration of function 'XGpio_SetDataDirection' [-Wimplicit-function-declaration]
    XGpio_SetDataDirection(&GpioOutput, 1, 0x0);
    ^~~~~~~~~~~~~~~~~~~~~~
../src/main.c:122:31: error: 'GpioInput' undeclared (first use in this function); did you mean 'GpioOutput'?
    status = XGpio_Initialize(&GpioInput,
                               ^~~~~~~~~
                               GpioOutput
../src/main.c:123:27: error: 'XPAR_DIP_SWITCHES_8BIT_DEVICE_ID' undeclared (first use in this function); did you mean 'XPAR_LEDS_8BIT_DEVICE_ID'?
                           XPAR_DIP_SWITCHES_8BIT_DEVICE_ID);
                           ^~~~~~~~~~~~~~~~~~~~~~~~~~~~~~~~
                           XPAR_LEDS_8BIT_DEVICE_ID
../src/main.c:125:13: warning: 'return' with a value, in function returning void
      return XST_FAILURE;
             ^~~~~~~~~~~
../src/main.c:73:6: note: declared here
 void DemoRun() {
      ^~~~~~~
../src/main.c:133:6: error: 'DataRead' undeclared (first use in this function)
      DataRead = XGpio_DiscreteRead(&GpioInput, 1);
      ^~~~~~~~
../src/main.c:133:17: warning: implicit declaration of function 'XGpio_DiscreteRead' [-Wimplicit-function-declaration]
      DataRead = XGpio_DiscreteRead(&GpioInput, 1);
                 ^~~~~~~~~~~~~~~~~~
../src/main.c:136:21: error: 'OldData' undeclared (first use in this function)
      if(DataRead != OldData){
                     ^~~~~~~
../src/main.c:139:8: warning: implicit declaration of function 'XGpio_DiscreteWrite' [-Wimplicit-function-declaration]
        XGpio_DiscreteWrite(&GpioOutput, 1, DataRead);
        ^~~~~~~~~~~~~~~~~~~
../src/main.c: In function 'EnableCaches':
../src/main.c:208:4: warning: implicit declaration of function 'Xil_ICacheEnable' [-Wimplicit-function-declaration]
    Xil_ICacheEnable();
    ^~~~~~~~~~~~~~~~
../src/main.c:211:4: warning: implicit declaration of function 'Xil_DCacheEnable' [-Wimplicit-function-declaration]
    Xil_DCacheEnable();
    ^~~~~~~~~~~~~~~~
../src/main.c: In function 'DisableCaches':
../src/main.c:219:4: warning: implicit declaration of function 'Xil_DCacheDisable' [-Wimplicit-function-declaration]
    Xil_DCacheDisable();
    ^~~~~~~~~~~~~~~~~
../src/main.c:222:4: warning: implicit declaration of function 'Xil_ICacheDisable' [-Wimplicit-function-declaration]
    Xil_ICacheDisable();
    ^~~~~~~~~~~~~~~~~
../src/main.c: In function 'DemoRun':
../src/main.c:225:1: error: expected declaration or statement at end of input
 }
 ^
At top level:
../src/main.c:216:6: warning: 'DisableCaches' defined but not used [-Wunused-function]
 void DisableCaches() {
      ^~~~~~~~~~~~~
../src/main.c:205:6: warning: 'EnableCaches' defined but not used [-Wunused-function]
 void EnableCaches() {
      ^~~~~~~~~~~~
../src/main.c:201:6: warning: 'DemoCleanup' defined but not used [-Wunused-function]
 void DemoCleanup() {
      ^~~~~~~~~~~
make: *** [src/main.o] Error 1
12:53:36 **** Auto Build of configuration Debug for project display_game2 ****
make all 
'Building file: ../src/main.c'
'Invoking: MicroBlaze gcc compiler'
mb-gcc -Wall -O0 -g3 -c -fmessage-length=0 -MT"src/main.o" -I../../display_game2_bsp/microblaze_0/include -mlittle-endian -mcpu=v10.0 -mxl-soft-mul -Wl,--no-relax -ffunction-sections -fdata-sections -MMD -MP -MF"src/main.d" -MT"src/main.o" -o "src/main.o" "../src/main.c"
In file included from ../src/main.c:24:0:
../src/bitmap.h:24:10: fatal error: xil_types.h: No such file or directory
 #include "xil_types.h"
          ^~~~~~~~~~~~~
compilation terminated.
make: *** [src/main.o] Error 1
12:55:28 **** Auto Build of configuration Debug for project display_game2 ****
make all 
'Building file: ../src/main.c'
'Invoking: MicroBlaze gcc compiler'
mb-gcc -Wall -O0 -g3 -c -fmessage-length=0 -MT"src/main.o" -I../../display_game2_bsp/microblaze_0/include -mlittle-endian -mcpu=v10.0 -mxl-soft-mul -Wl,--no-relax -ffunction-sections -fdata-sections -MMD -MP -MF"src/main.d" -MT"src/main.o" -o "src/main.o" "../src/main.c"
In file included from ../src/main.c:24:0:
../src/bitmap.h:24:10: fatal error: xil_types.h: No such file or directory
 #include "xil_types.h"
          ^~~~~~~~~~~~~
compilation terminated.
make: *** [src/main.o] Error 1
12:59:33 **** Auto Build of project display_game2_bsp ****
make -k all 
"Running Make include in microblaze_0/libsrc/bram_v4_2/src"
make -C microblaze_0/libsrc/bram_v4_2/src -s include  "SHELL=CMD" "COMPILER=mb-gcc" "ARCHIVER=mb-ar" "COMPILER_FLAGS=  -O2 -c -mcpu=v10.0 -mlittle-endian -mxl-soft-mul" "EXTRA_COMPILER_FLAGS=-ffunction-sections -fdata-sections -Wall -Wextra"
"Running Make include in microblaze_0/libsrc/cpu_v2_7/src"
make -C microblaze_0/libsrc/cpu_v2_7/src -s include  "SHELL=CMD" "COMPILER=mb-gcc" "ARCHIVER=mb-ar" "COMPILER_FLAGS=  -O2 -c -mcpu=v10.0 -mlittle-endian -mxl-soft-mul" "EXTRA_COMPILER_FLAGS=-ffunction-sections -fdata-sections -Wall -Wextra"
"Running Make include in microblaze_0/libsrc/gpio_v4_3/src"
make -C microblaze_0/libsrc/gpio_v4_3/src -s include  "SHELL=CMD" "COMPILER=mb-gcc" "ARCHIVER=mb-ar" "COMPILER_FLAGS=  -O2 -c -mcpu=v10.0 -mlittle-endian -mxl-soft-mul" "EXTRA_COMPILER_FLAGS=-ffunction-sections -fdata-sections -Wall -Wextra"
"Running Make include in microblaze_0/libsrc/PmodOLEDrgb_v1_0/src"
make -C microblaze_0/libsrc/PmodOLEDrgb_v1_0/src -s include  "SHELL=CMD" "COMPILER=mb-gcc" "ARCHIVER=mb-ar" "COMPILER_FLAGS=  -O2 -c -mcpu=v10.0 -mlittle-endian -mxl-soft-mul" "EXTRA_COMPILER_FLAGS=-ffunction-sections -fdata-sections -Wall -Wextra"
"Running Make include in microblaze_0/libsrc/standalone_v6_7/src"
make -C microblaze_0/libsrc/standalone_v6_7/src -s include  "SHELL=CMD" "COMPILER=mb-gcc" "ARCHIVER=mb-ar" "COMPILER_FLAGS=  -O2 -c -mcpu=v10.0 -mlittle-endian -mxl-soft-mul" "EXTRA_COMPILER_FLAGS=-ffunction-sections -fdata-sections -Wall -Wextra"
"Running Make include in microblaze_0/libsrc/uartlite_v3_2/src"
make -C microblaze_0/libsrc/uartlite_v3_2/src -s include  "SHELL=CMD" "COMPILER=mb-gcc" "ARCHIVER=mb-ar" "COMPILER_FLAGS=  -O2 -c -mcpu=v10.0 -mlittle-endian -mxl-soft-mul" "EXTRA_COMPILER_FLAGS=-ffunction-sections -fdata-sections -Wall -Wextra"
"Running Make libs in microblaze_0/libsrc/bram_v4_2/src"
make -C microblaze_0/libsrc/bram_v4_2/src -s libs  "SHELL=CMD" "COMPILER=mb-gcc" "ARCHIVER=mb-ar" "COMPILER_FLAGS=  -O2 -c -mcpu=v10.0 -mlittle-endian -mxl-soft-mul" "EXTRA_COMPILER_FLAGS=-ffunction-sections -fdata-sections -Wall -Wextra"
"Compiling bram"
mb-ar: creating ../../../lib/libxil.a
"Running Make libs in microblaze_0/libsrc/cpu_v2_7/src"
make -C microblaze_0/libsrc/cpu_v2_7/src -s libs  "SHELL=CMD" "COMPILER=mb-gcc" "ARCHIVER=mb-ar" "COMPILER_FLAGS=  -O2 -c -mcpu=v10.0 -mlittle-endian -mxl-soft-mul" "EXTRA_COMPILER_FLAGS=-ffunction-sections -fdata-sections -Wall -Wextra"
"Compiling cpu"
"Running Make libs in microblaze_0/libsrc/gpio_v4_3/src"
make -C microblaze_0/libsrc/gpio_v4_3/src -s libs  "SHELL=CMD" "COMPILER=mb-gcc" "ARCHIVER=mb-ar" "COMPILER_FLAGS=  -O2 -c -mcpu=v10.0 -mlittle-endian -mxl-soft-mul" "EXTRA_COMPILER_FLAGS=-ffunction-sections -fdata-sections -Wall -Wextra"
"Compiling gpio"
"Running Make libs in microblaze_0/libsrc/PmodOLEDrgb_v1_0/src"
make -C microblaze_0/libsrc/PmodOLEDrgb_v1_0/src -s libs  "SHELL=CMD" "COMPILER=mb-gcc" "ARCHIVER=mb-ar" "COMPILER_FLAGS=  -O2 -c -mcpu=v10.0 -mlittle-endian -mxl-soft-mul" "EXTRA_COMPILER_FLAGS=-ffunction-sections -fdata-sections -Wall -Wextra"
"Compiling PmodOLEDrgb..."
PmodOLEDrgb_selftest.c: In function 'PMODOLEDRGB_Reg_SelfTest':
PmodOLEDrgb_selftest.c:52:60: warning: comparison between signed and unsigned integer expressions [-Wsign-compare]
    if ( PMODOLEDRGB_mReadReg (baseaddr, read_loop_index*4) != (read_loop_index+1)*READ_WRITE_MUL_FACTOR){
                                                            ^~
PmodOLEDrgb_selftest.c:36:6: warning: unused variable 'Index' [-Wunused-variable]
  int Index;
      ^~~~~
"Running Make libs in microblaze_0/libsrc/standalone_v6_7/src"
make -C microblaze_0/libsrc/standalone_v6_7/src -s libs  "SHELL=CMD" "COMPILER=mb-gcc" "ARCHIVER=mb-ar" "COMPILER_FLAGS=  -O2 -c -mcpu=v10.0 -mlittle-endian -mxl-soft-mul" "EXTRA_COMPILER_FLAGS=-ffunction-sections -fdata-sections -Wall -Wextra"
"Compiling standalone";
microblaze_sleep.c:74:9: note: #pragma message: For the sleep routines, assembly instructions are used
 #pragma message ("For the sleep routines, assembly instructions are used")
         ^~~~~~~
"Running Make libs in microblaze_0/libsrc/uartlite_v3_2/src"
make -C microblaze_0/libsrc/uartlite_v3_2/src -s libs  "SHELL=CMD" "COMPILER=mb-gcc" "ARCHIVER=mb-ar" "COMPILER_FLAGS=  -O2 -c -mcpu=v10.0 -mlittle-endian -mxl-soft-mul" "EXTRA_COMPILER_FLAGS=-ffunction-sections -fdata-sections -Wall -Wextra"
"Compiling uartlite"
'Finished building libraries'
12:59:42 **** Auto Build of configuration Debug for project display_game2 ****
make all 
'Building file: ../src/main.c'
'Invoking: MicroBlaze gcc compiler'
mb-gcc -Wall -O0 -g3 -c -fmessage-length=0 -MT"src/main.o" -I../../display_game2_bsp/microblaze_0/include -mlittle-endian -mcpu=v10.0 -mxl-soft-mul -Wl,--no-relax -ffunction-sections -fdata-sections -MMD -MP -MF"src/main.d" -MT"src/main.o" -o "src/main.o" "../src/main.c"
../src/main.c: In function 'DemoRun':
../src/main.c:114:18: warning: passing argument 1 of 'xil_printf' makes pointer from integer without a cast [-Wint-conversion]
       xil_printf(switch_data);
                  ^~~~~~~~~~~
In file included from c:\xilinx\sdk\2018.2\gnu\microblaze\nt\microblaze-xilinx-elf\include\ctype.h:4:0,
                 from ../../display_game2_bsp/microblaze_0/include/xil_printf.h:8,
                 from ../../display_game2_bsp/microblaze_0/include/xil_io.h:65,
                 from ../../display_game2_bsp/microblaze_0/include/xspi_l.h:76,
                 from ../../display_game2_bsp/microblaze_0/include/xspi.h:305,
                 from ../../display_game2_bsp/microblaze_0/include/PmodOLEDrgb.h:32,
                 from ../src/main.c:25:
c:\xilinx\sdk\2018.2\gnu\microblaze\nt\microblaze-xilinx-elf\include\stdio.h:229:9: note: expected 'const char8 * {aka const char *}' but argument is of type 'int'
 void    _EXFUN(xil_printf, (const char*, ...));
         ^
../src/main.c:94:17: warning: unused variable 'output' [-Wunused-variable]
    XGpio input, output;
                 ^~~~~~
'Finished building: ../src/main.c'
' '
'Building file: ../src/platform.c'
'Invoking: MicroBlaze gcc compiler'
mb-gcc -Wall -O0 -g3 -c -fmessage-length=0 -MT"src/platform.o" -I../../display_game2_bsp/microblaze_0/include -mlittle-endian -mcpu=v10.0 -mxl-soft-mul -Wl,--no-relax -ffunction-sections -fdata-sections -MMD -MP -MF"src/platform.d" -MT"src/platform.o" -o "src/platform.o" "../src/platform.c"
'Finished building: ../src/platform.c'
' '
'Building target: display_game2.elf'
'Invoking: MicroBlaze gcc linker'
mb-gcc -Wl,-T -Wl,../src/lscript.ld -L../../display_game2_bsp/microblaze_0/lib -mlittle-endian -mcpu=v10.0 -mxl-soft-mul -Wl,--no-relax -Wl,--gc-sections -o "display_game2.elf"  ./src/helloworld.o ./src/main.o ./src/platform.o   -Wl,--start-group,-lxil,-lgcc,-lc,--end-group
'Finished building target: display_game2.elf'
' '
'Invoking: MicroBlaze Print Size'
mb-size display_game2.elf  |tee "display_game2.elf.size"
   text	   data	    bss	    dec	    hex	filename
  13704	    360	   3504	  17568	   44a0	display_game2.elf
'Finished building: display_game2.elf.size'
' '
12:59:47 **** Incremental Build of configuration Debug for project display_game2 ****
make all 
make: Nothing to be done for `all'.
12:59:59 **** Incremental Build of configuration Debug for project display_game2 ****
make all 
[...]
   text	   data	    bss	    dec	    hex	filename
 105708	   1528	   3580	 110816	  1b0e0	display_game2.elf
'Finished building: display_game2.elf.size'
' '
12:28:05 **** Incremental Build of configuration Debug for project display_game2 ****
make all 
'Building file: ../src/main.c'
'Invoking: MicroBlaze gcc compiler'
mb-gcc -Wall -O0 -g3 -c -fmessage-length=0 -MT"src/main.o" -I../../display_game2_bsp/microblaze_0/include -mlittle-endian -mcpu=v10.0 -mxl-soft-mul -Wl,--no-relax -ffunction-sections -fdata-sections -MMD -MP -MF"src/main.d" -MT"src/main.o" -o "src/main.o" "../src/main.c"
../src/main.c: In function 'DemoRun':
../src/main.c:102:17: warning: unused variable 'output' [-Wunused-variable]
    XGpio input, output;
                 ^~~~~~
'Finished building: ../src/main.c'
' '
'Building target: display_game2.elf'
'Invoking: MicroBlaze gcc linker'
mb-gcc -Wl,-T -Wl,../src/lscript.ld -L../../display_game2_bsp/microblaze_0/lib -mlittle-endian -mcpu=v10.0 -mxl-soft-mul -Wl,--no-relax -Wl,--gc-sections -o "display_game2.elf"  ./src/helloworld.o ./src/main.o ./src/platform.o   -Wl,--start-group,-lxil,-lgcc,-lc,--end-group
'Finished building target: display_game2.elf'
' '
'Invoking: MicroBlaze Print Size'
mb-size display_game2.elf  |tee "display_game2.elf.size"
   text	   data	    bss	    dec	    hex	filename
 105708	   1528	   3580	 110816	  1b0e0	display_game2.elf
'Finished building: display_game2.elf.size'
' '
12:28:37 **** Auto Build of configuration Debug for project display_game2 ****
make all 
'Building file: ../src/main.c'
'Invoking: MicroBlaze gcc compiler'
mb-gcc -Wall -O0 -g3 -c -fmessage-length=0 -MT"src/main.o" -I../../display_game2_bsp/microblaze_0/include -mlittle-endian -mcpu=v10.0 -mxl-soft-mul -Wl,--no-relax -ffunction-sections -fdata-sections -MMD -MP -MF"src/main.d" -MT"src/main.o" -o "src/main.o" "../src/main.c"
../src/main.c: In function 'DemoRun':
../src/main.c:102:17: warning: unused variable 'output' [-Wunused-variable]
    XGpio input, output;
                 ^~~~~~
'Finished building: ../src/main.c'
' '
'Building target: display_game2.elf'
'Invoking: MicroBlaze gcc linker'
mb-gcc -Wl,-T -Wl,../src/lscript.ld -L../../display_game2_bsp/microblaze_0/lib -mlittle-endian -mcpu=v10.0 -mxl-soft-mul -Wl,--no-relax -Wl,--gc-sections -o "display_game2.elf"  ./src/helloworld.o ./src/main.o ./src/platform.o   -Wl,--start-group,-lxil,-lgcc,-lc,--end-group
'Finished building target: display_game2.elf'
' '
'Invoking: MicroBlaze Print Size'
mb-size display_game2.elf  |tee "display_game2.elf.size"
   text	   data	    bss	    dec	    hex	filename
 105728	   1528	   3576	 110832	  1b0f0	display_game2.elf
'Finished building: display_game2.elf.size'
' '
12:28:38 **** Incremental Build of configuration Debug for project display_game2 ****
make all 
make: Nothing to be done for `all'.
12:30:17 **** Auto Build of configuration Debug for project display_game2 ****
make all 
'Building file: ../src/main.c'
'Invoking: MicroBlaze gcc compiler'
mb-gcc -Wall -O0 -g3 -c -fmessage-length=0 -MT"src/main.o" -I../../display_game2_bsp/microblaze_0/include -mlittle-endian -mcpu=v10.0 -mxl-soft-mul -Wl,--no-relax -ffunction-sections -fdata-sections -MMD -MP -MF"src/main.d" -MT"src/main.o" -o "src/main.o" "../src/main.c"
../src/main.c: In function 'DemoRun':
../src/main.c:102:17: warning: unused variable 'output' [-Wunused-variable]
    XGpio input, output;
                 ^~~~~~
'Finished building: ../src/main.c'
' '
'Building target: display_game2.elf'
'Invoking: MicroBlaze gcc linker'
mb-gcc -Wl,-T -Wl,../src/lscript.ld -L../../display_game2_bsp/microblaze_0/lib -mlittle-endian -mcpu=v10.0 -mxl-soft-mul -Wl,--no-relax -Wl,--gc-sections -o "display_game2.elf"  ./src/helloworld.o ./src/main.o ./src/platform.o   -Wl,--start-group,-lxil,-lgcc,-lc,--end-group
'Finished building target: display_game2.elf'
' '
'Invoking: MicroBlaze Print Size'
mb-size display_game2.elf  |tee "display_game2.elf.size"
   text	   data	    bss	    dec	    hex	filename
 104820	   1528	   3580	 109928	  1ad68	display_game2.elf
'Finished building: display_game2.elf.size'
' '
12:30:18 **** Incremental Build of configuration Debug for project display_game2 ****
make all 
make: Nothing to be done for `all'.
12:30:52 **** Incremental Build of configuration Debug for project display_game2 ****
make all 
make: Nothing to be done for `all'.
12:43:26 **** Auto Build of configuration Debug for project display_game2 ****
make all 
'Building file: ../src/main.c'
'Invoking: MicroBlaze gcc compiler'
mb-gcc -Wall -O0 -g3 -c -fmessage-length=0 -MT"src/main.o" -I../../display_game2_bsp/microblaze_0/include -mlittle-endian -mcpu=v10.0 -mxl-soft-mul -Wl,--no-relax -ffunction-sections -fdata-sections -MMD -MP -MF"src/main.d" -MT"src/main.o" -o "src/main.o" "../src/main.c"
../src/main.c: In function 'DemoRun':
../src/main.c:103:17: warning: unused variable 'output' [-Wunused-variable]
    XGpio input, output;
                 ^~~~~~
../src/main.c:82:8: warning: unused variable 'skip_intro' [-Wunused-variable]
    int skip_intro = 0;
        ^~~~~~~~~~
'Finished building: ../src/main.c'
' '
'Building target: display_game2.elf'
'Invoking: MicroBlaze gcc linker'
mb-gcc -Wl,-T -Wl,../src/lscript.ld -L../../display_game2_bsp/microblaze_0/lib -mlittle-endian -mcpu=v10.0 -mxl-soft-mul -Wl,--no-relax -Wl,--gc-sections -o "display_game2.elf"  ./src/helloworld.o ./src/main.o ./src/platform.o   -Wl,--start-group,-lxil,-lgcc,-lc,--end-group
'Finished building target: display_game2.elf'
' '
'Invoking: MicroBlaze Print Size'
mb-size display_game2.elf  |tee "display_game2.elf.size"
   text	   data	    bss	    dec	    hex	filename
 105108	   1528	   3580	 110216	  1ae88	display_game2.elf
'Finished building: display_game2.elf.size'
' '
12:43:30 **** Incremental Build of configuration Debug for project display_game2 ****
make all 
make: Nothing to be done for `all'.
12:43:50 **** Auto Build of configuration Debug for project display_game2 ****
make all 
'Building file: ../src/main.c'
'Invoking: MicroBlaze gcc compiler'
mb-gcc -Wall -O0 -g3 -c -fmessage-length=0 -MT"src/main.o" -I../../display_game2_bsp/microblaze_0/include -mlittle-endian -mcpu=v10.0 -mxl-soft-mul -Wl,--no-relax -ffunction-sections -fdata-sections -MMD -MP -MF"src/main.d" -MT"src/main.o" -o "src/main.o" "../src/main.c"
../src/main.c: In function 'DemoRun':
../src/main.c:103:17: warning: unused variable 'output' [-Wunused-variable]
    XGpio input, output;
                 ^~~~~~
../src/main.c:82:8: warning: unused variable 'skip_intro' [-Wunused-variable]
    int skip_intro = 0;
        ^~~~~~~~~~
'Finished building: ../src/main.c'
' '
'Building target: display_game2.elf'
'Invoking: MicroBlaze gcc linker'
mb-gcc -Wl,-T -Wl,../src/lscript.ld -L../../display_game2_bsp/microblaze_0/lib -mlittle-endian -mcpu=v10.0 -mxl-soft-mul -Wl,--no-relax -Wl,--gc-sections -o "display_game2.elf"  ./src/helloworld.o ./src/main.o ./src/platform.o   -Wl,--start-group,-lxil,-lgcc,-lc,--end-group
'Finished building target: display_game2.elf'
' '
'Invoking: MicroBlaze Print Size'
mb-size display_game2.elf  |tee "display_game2.elf.size"
   text	   data	    bss	    dec	    hex	filename
 105108	   1528	   3580	 110216	  1ae88	display_game2.elf
'Finished building: display_game2.elf.size'
' '
12:43:51 **** Incremental Build of configuration Debug for project display_game2 ****
make all 
make: Nothing to be done for `all'.
12:44:48 **** Auto Build of configuration Debug for project display_game2 ****
make all 
'Building file: ../src/main.c'
'Invoking: MicroBlaze gcc compiler'
mb-gcc -Wall -O0 -g3 -c -fmessage-length=0 -MT"src/main.o" -I../../display_game2_bsp/microblaze_0/include -mlittle-endian -mcpu=v10.0 -mxl-soft-mul -Wl,--no-relax -ffunction-sections -fdata-sections -MMD -MP -MF"src/main.d" -MT"src/main.o" -o "src/main.o" "../src/main.c"
../src/main.c: In function 'DemoRun':
../src/main.c:103:17: warning: unused variable 'output' [-Wunused-variable]
    XGpio input, output;
                 ^~~~~~
../src/main.c:82:8: warning: unused variable 'skip_intro' [-Wunused-variable]
    int skip_intro = 0;
        ^~~~~~~~~~
'Finished building: ../src/main.c'
' '
'Building target: display_game2.elf'
'Invoking: MicroBlaze gcc linker'
mb-gcc -Wl,-T -Wl,../src/lscript.ld -L../../display_game2_bsp/microblaze_0/lib -mlittle-endian -mcpu=v10.0 -mxl-soft-mul -Wl,--no-relax -Wl,--gc-sections -o "display_game2.elf"  ./src/helloworld.o ./src/main.o ./src/platform.o   -Wl,--start-group,-lxil,-lgcc,-lc,--end-group
'Finished building target: display_game2.elf'
' '
'Invoking: MicroBlaze Print Size'
mb-size display_game2.elf  |tee "display_game2.elf.size"
   text	   data	    bss	    dec	    hex	filename
 105128	   1528	   3576	 110232	  1ae98	display_game2.elf
'Finished building: display_game2.elf.size'
' '
12:44:50 **** Incremental Build of configuration Debug for project display_game2 ****
make all 
make: Nothing to be done for `all'.
12:47:46 **** Auto Build of configuration Debug for project display_game2 ****
make all 
'Building file: ../src/main.c'
'Invoking: MicroBlaze gcc compiler'
mb-gcc -Wall -O0 -g3 -c -fmessage-length=0 -MT"src/main.o" -I../../display_game2_bsp/microblaze_0/include -mlittle-endian -mcpu=v10.0 -mxl-soft-mul -Wl,--no-relax -ffunction-sections -fdata-sections -MMD -MP -MF"src/main.d" -MT"src/main.o" -o "src/main.o" "../src/main.c"
../src/main.c: In function 'DemoRun':
../src/main.c:103:17: warning: unused variable 'output' [-Wunused-variable]
    XGpio input, output;
                 ^~~~~~
../src/main.c:82:8: warning: unused variable 'skip_intro' [-Wunused-variable]
    int skip_intro = 0;
        ^~~~~~~~~~
'Finished building: ../src/main.c'
' '
'Building target: display_game2.elf'
'Invoking: MicroBlaze gcc linker'
mb-gcc -Wl,-T -Wl,../src/lscript.ld -L../../display_game2_bsp/microblaze_0/lib -mlittle-endian -mcpu=v10.0 -mxl-soft-mul -Wl,--no-relax -Wl,--gc-sections -o "display_game2.elf"  ./src/helloworld.o ./src/main.o ./src/platform.o   -Wl,--start-group,-lxil,-lgcc,-lc,--end-group
'Finished building target: display_game2.elf'
' '
'Invoking: MicroBlaze Print Size'
mb-size display_game2.elf  |tee "display_game2.elf.size"
   text	   data	    bss	    dec	    hex	filename
 105156	   1528	   3580	 110264	  1aeb8	display_game2.elf
'Finished building: display_game2.elf.size'
' '
12:48:57 **** Auto Build of configuration Debug for project display_game2 ****
make all 
'Building file: ../src/main.c'
'Invoking: MicroBlaze gcc compiler'
mb-gcc -Wall -O0 -g3 -c -fmessage-length=0 -MT"src/main.o" -I../../display_game2_bsp/microblaze_0/include -mlittle-endian -mcpu=v10.0 -mxl-soft-mul -Wl,--no-relax -ffunction-sections -fdata-sections -MMD -MP -MF"src/main.d" -MT"src/main.o" -o "src/main.o" "../src/main.c"
../src/main.c: In function 'DemoRun':
../src/main.c:103:17: warning: unused variable 'output' [-Wunused-variable]
    XGpio input, output;
                 ^~~~~~
'Finished building: ../src/main.c'
' '
'Building target: display_game2.elf'
'Invoking: MicroBlaze gcc linker'
mb-gcc -Wl,-T -Wl,../src/lscript.ld -L../../display_game2_bsp/microblaze_0/lib -mlittle-endian -mcpu=v10.0 -mxl-soft-mul -Wl,--no-relax -Wl,--gc-sections -o "display_game2.elf"  ./src/helloworld.o ./src/main.o ./src/platform.o   -Wl,--start-group,-lxil,-lgcc,-lc,--end-group
'Finished building target: display_game2.elf'
' '
'Invoking: MicroBlaze Print Size'
mb-size display_game2.elf  |tee "display_game2.elf.size"
   text	   data	    bss	    dec	    hex	filename
 105168	   1528	   3576	 110272	  1aec0	display_game2.elf
'Finished building: display_game2.elf.size'
' '
12:49:09 **** Auto Build of configuration Debug for project display_game2 ****
make all 
'Building file: ../src/main.c'
'Invoking: MicroBlaze gcc compiler'
mb-gcc -Wall -O0 -g3 -c -fmessage-length=0 -MT"src/main.o" -I../../display_game2_bsp/microblaze_0/include -mlittle-endian -mcpu=v10.0 -mxl-soft-mul -Wl,--no-relax -ffunction-sections -fdata-sections -MMD -MP -MF"src/main.d" -MT"src/main.o" -o "src/main.o" "../src/main.c"
../src/main.c: In function 'DemoRun':
../src/main.c:103:17: warning: unused variable 'output' [-Wunused-variable]
    XGpio input, output;
                 ^~~~~~
'Finished building: ../src/main.c'
' '
'Building target: display_game2.elf'
'Invoking: MicroBlaze gcc linker'
mb-gcc -Wl,-T -Wl,../src/lscript.ld -L../../display_game2_bsp/microblaze_0/lib -mlittle-endian -mcpu=v10.0 -mxl-soft-mul -Wl,--no-relax -Wl,--gc-sections -o "display_game2.elf"  ./src/helloworld.o ./src/main.o ./src/platform.o   -Wl,--start-group,-lxil,-lgcc,-lc,--end-group
'Finished building target: display_game2.elf'
' '
'Invoking: MicroBlaze Print Size'
mb-size display_game2.elf  |tee "display_game2.elf.size"
   text	   data	    bss	    dec	    hex	filename
 105172	   1528	   3580	 110280	  1aec8	display_game2.elf
'Finished building: display_game2.elf.size'
' '
12:49:12 **** Incremental Build of configuration Debug for project display_game2 ****
make all 
make: Nothing to be done for `all'.
12:50:43 **** Auto Build of configuration Debug for project display_game2 ****
make all 
'Building file: ../src/main.c'
'Invoking: MicroBlaze gcc compiler'
mb-gcc -Wall -O0 -g3 -c -fmessage-length=0 -MT"src/main.o" -I../../display_game2_bsp/microblaze_0/include -mlittle-endian -mcpu=v10.0 -mxl-soft-mul -Wl,--no-relax -ffunction-sections -fdata-sections -MMD -MP -MF"src/main.d" -MT"src/main.o" -o "src/main.o" "../src/main.c"
../src/main.c: In function 'DemoRun':
../src/main.c:103:17: warning: unused variable 'output' [-Wunused-variable]
    XGpio input, output;
                 ^~~~~~
'Finished building: ../src/main.c'
' '
'Building target: display_game2.elf'
'Invoking: MicroBlaze gcc linker'
mb-gcc -Wl,-T -Wl,../src/lscript.ld -L../../display_game2_bsp/microblaze_0/lib -mlittle-endian -mcpu=v10.0 -mxl-soft-mul -Wl,--no-relax -Wl,--gc-sections -o "display_game2.elf"  ./src/helloworld.o ./src/main.o ./src/platform.o   -Wl,--start-group,-lxil,-lgcc,-lc,--end-group
'Finished building target: display_game2.elf'
' '
'Invoking: MicroBlaze Print Size'
mb-size display_game2.elf  |tee "display_game2.elf.size"
   text	   data	    bss	    dec	    hex	filename
 105172	   1528	   3580	 110280	  1aec8	display_game2.elf
'Finished building: display_game2.elf.size'
' '
12:51:16 **** Incremental Build of configuration Debug for project display_game2 ****
make all 
'Building file: ../src/main.c'
'Invoking: MicroBlaze gcc compiler'
mb-gcc -Wall -O0 -g3 -c -fmessage-length=0 -MT"src/main.o" -I../../display_game2_bsp/microblaze_0/include -mlittle-endian -mcpu=v10.0 -mxl-soft-mul -Wl,--no-relax -ffunction-sections -fdata-sections -MMD -MP -MF"src/main.d" -MT"src/main.o" -o "src/main.o" "../src/main.c"
../src/main.c: In function 'DemoRun':
../src/main.c:103:17: warning: unused variable 'output' [-Wunused-variable]
    XGpio input, output;
                 ^~~~~~
'Finished building: ../src/main.c'
' '
'Building target: display_game2.elf'
'Invoking: MicroBlaze gcc linker'
mb-gcc -Wl,-T -Wl,../src/lscript.ld -L../../display_game2_bsp/microblaze_0/lib -mlittle-endian -mcpu=v10.0 -mxl-soft-mul -Wl,--no-relax -Wl,--gc-sections -o "display_game2.elf"  ./src/helloworld.o ./src/main.o ./src/platform.o   -Wl,--start-group,-lxil,-lgcc,-lc,--end-group
'Finished building target: display_game2.elf'
' '
'Invoking: MicroBlaze Print Size'
mb-size display_game2.elf  |tee "display_game2.elf.size"
   text	   data	    bss	    dec	    hex	filename
 105200	   1528	   3576	 110304	  1aee0	display_game2.elf
'Finished building: display_game2.elf.size'
' '
12:57:48 **** Incremental Build of configuration Debug for project display_game2 ****
make all 
'Building file: ../src/main.c'
'Invoking: MicroBlaze gcc compiler'
mb-gcc -Wall -O0 -g3 -c -fmessage-length=0 -MT"src/main.o" -I../../display_game2_bsp/microblaze_0/include -mlittle-endian -mcpu=v10.0 -mxl-soft-mul -Wl,--no-relax -ffunction-sections -fdata-sections -MMD -MP -MF"src/main.d" -MT"src/main.o" -o "src/main.o" "../src/main.c"
../src/main.c: In function 'DemoRun':
../src/main.c:391:11: warning: suggest parentheses around assignment used as truth value [-Wparentheses]
       if (time_counter = 400000){
           ^~~~~~~~~~~~
../src/main.c:103:17: warning: unused variable 'output' [-Wunused-variable]
    XGpio input, output;
                 ^~~~~~
'Finished building: ../src/main.c'
' '
'Building target: display_game2.elf'
'Invoking: MicroBlaze gcc linker'
mb-gcc -Wl,-T -Wl,../src/lscript.ld -L../../display_game2_bsp/microblaze_0/lib -mlittle-endian -mcpu=v10.0 -mxl-soft-mul -Wl,--no-relax -Wl,--gc-sections -o "display_game2.elf"  ./src/helloworld.o ./src/main.o ./src/platform.o   -Wl,--start-group,-lxil,-lgcc,-lc,--end-group
'Finished building target: display_game2.elf'
' '
'Invoking: MicroBlaze Print Size'
mb-size display_game2.elf  |tee "display_game2.elf.size"
   text	   data	    bss	    dec	    hex	filename
 105192	   1528	   3576	 110296	  1aed8	display_game2.elf
'Finished building: display_game2.elf.size'
' '
12:58:59 **** Incremental Build of configuration Debug for project display_game2 ****
make all 
'Building file: ../src/main.c'
'Invoking: MicroBlaze gcc compiler'
mb-gcc -Wall -O0 -g3 -c -fmessage-length=0 -MT"src/main.o" -I../../display_game2_bsp/microblaze_0/include -mlittle-endian -mcpu=v10.0 -mxl-soft-mul -Wl,--no-relax -ffunction-sections -fdata-sections -MMD -MP -MF"src/main.d" -MT"src/main.o" -o "src/main.o" "../src/main.c"
../src/main.c: In function 'DemoRun':
../src/main.c:390:11: warning: suggest parentheses around assignment used as truth value [-Wparentheses]
       if (time_counter = 40){
           ^~~~~~~~~~~~
../src/main.c:103:17: warning: unused variable 'output' [-Wunused-variable]
    XGpio input, output;
                 ^~~~~~
'Finished building: ../src/main.c'
' '
'Building target: display_game2.elf'
'Invoking: MicroBlaze gcc linker'
mb-gcc -Wl,-T -Wl,../src/lscript.ld -L../../display_game2_bsp/microblaze_0/lib -mlittle-endian -mcpu=v10.0 -mxl-soft-mul -Wl,--no-relax -Wl,--gc-sections -o "display_game2.elf"  ./src/helloworld.o ./src/main.o ./src/platform.o   -Wl,--start-group,-lxil,-lgcc,-lc,--end-group
'Finished building target: display_game2.elf'
' '
'Invoking: MicroBlaze Print Size'
mb-size display_game2.elf  |tee "display_game2.elf.size"
   text	   data	    bss	    dec	    hex	filename
 105156	   1528	   3580	 110264	  1aeb8	display_game2.elf
'Finished building: display_game2.elf.size'
' '
13:00:12 **** Auto Build of configuration Debug for project display_game2 ****
make all 
'Building file: ../src/main.c'
'Invoking: MicroBlaze gcc compiler'
mb-gcc -Wall -O0 -g3 -c -fmessage-length=0 -MT"src/main.o" -I../../display_game2_bsp/microblaze_0/include -mlittle-endian -mcpu=v10.0 -mxl-soft-mul -Wl,--no-relax -ffunction-sections -fdata-sections -MMD -MP -MF"src/main.d" -MT"src/main.o" -o "src/main.o" "../src/main.c"
../src/main.c: In function 'DemoRun':
../src/main.c:103:17: warning: unused variable 'output' [-Wunused-variable]
    XGpio input, output;
                 ^~~~~~
'Finished building: ../src/main.c'
' '
'Building target: display_game2.elf'
'Invoking: MicroBlaze gcc linker'
mb-gcc -Wl,-T -Wl,../src/lscript.ld -L../../display_game2_bsp/microblaze_0/lib -mlittle-endian -mcpu=v10.0 -mxl-soft-mul -Wl,--no-relax -Wl,--gc-sections -o "display_game2.elf"  ./src/helloworld.o ./src/main.o ./src/platform.o   -Wl,--start-group,-lxil,-lgcc,-lc,--end-group
'Finished building target: display_game2.elf'
' '
'Invoking: MicroBlaze Print Size'
mb-size display_game2.elf  |tee "display_game2.elf.size"
   text	   data	    bss	    dec	    hex	filename
 105056	   1528	   3576	 110160	  1ae50	display_game2.elf
'Finished building: display_game2.elf.size'
' '
13:00:13 **** Incremental Build of configuration Debug for project display_game2 ****
make all 
make: Nothing to be done for `all'.
13:01:44 **** Incremental Build of configuration Debug for project display_game2 ****
make all 
make: Nothing to be done for `all'.
